
> my-wms-app@0.1.0 test:unit
> vitest schema-version-actions.test.ts bulk-schema-actions.test.ts VisualSchemaDesigner.test.tsx


[1m[44m DEV [49m[22m [34mv4.0.16 [39m[90mC:/Users/nteai/Desktop/project/WMSCPP[39m

 [31mΓ¥»[39m test/actions/schema-version-actions.test.ts [2m([22m[2m8 tests[22m[2m | [22m[31m3 failed[39m[2m)[22m[32m 15[2mms[22m[39m
       [32mΓ£ô[39m should retrieve schema history for a category[32m 2[2mms[22m[39m
       [32mΓ£ô[39m should return empty array for category with no history[32m 0[2mms[22m[39m
[31m       [31m├ù[31m should create a new schema version[39m[32m 3[2mms[22m[39m
       [32mΓ£ô[39m should auto-increment version number[32m 1[2mms[22m[39m
[31m       [31m├ù[31m should revert to a previous version by creating a new version[39m[32m 3[2mms[22m[39m
       [32mΓ£ô[39m should fail if target version does not exist[32m 0[2mms[22m[39m
[31m       [31m├ù[31m should compare two schema versions and return differences[39m[32m 3[2mms[22m[39m
       [32mΓ£ô[39m should detect removed fields[32m 1[2mms[22m[39m
 [32mΓ£ô[39m test/actions/bulk-schema-actions.test.ts [2m([22m[2m6 tests[22m[2m)[22m[32m 5[2mms[22m[39m
 [31mΓ¥»[39m test/components/VisualSchemaDesigner.test.tsx [2m([22m[2m9 tests[22m[2m | [22m[31m2 failed[39m[2m)[22m[33m 2150[2mms[22m[39m
     [32mΓ£ô[39m should render field palette and drop zones[32m 27[2mms[22m[39m
     [32mΓ£ô[39m should add field to PRODUCT scope on drop[32m 14[2mms[22m[39m
     [32mΓ£ô[39m should load initial schema[32m 6[2mms[22m[39m
     [32mΓ£ô[39m should delete field when delete button clicked[32m 9[2mms[22m[39m
     [32mΓ£ô[39m should open property panel when field is selected[32m 20[2mms[22m[39m
     [32mΓ£ô[39m should update field properties[32m 17[2mms[22m[39m
[31m     [31m├ù[31m should emit schema changes on every update[39m[33m 1029[2mms[22m[39m
     [32mΓ£ô[39m should separate PRODUCT and LOT scope fields[32m 4[2mms[22m[39m
[31m     [31m├ù[31m should auto-generate field keys from labels[39m[33m 1023[2mms[22m[39m

ΓÄ»ΓÄ»ΓÄ»ΓÄ»ΓÄ»ΓÄ»ΓÄ» Failed Tests 5 ΓÄ»ΓÄ»ΓÄ»ΓÄ»ΓÄ»ΓÄ»ΓÄ»

 FAIL  test/components/VisualSchemaDesigner.test.tsx > VisualSchemaDesigner > should emit schema changes on every update
AssertionError: expected [] to have a length of 1 but got +0

Ignored nodes: comments, script, style
<html>
  <head />
  <body>
    <div>
      <div
        class="flex gap-4"
      >
        <div
          class="flex-1 space-y-4"
        >
          <div
            data-testid="field-palette"
          >
            <button>
              Text Field
            </button>
            <button>
              Number Field
            </button>
            <button>
              Date Field
            </button>
          </div>
          <div
            class="bg-white border border-slate-200 rounded-xl p-4"
          >
            <div
              class="flex items-center gap-2 mb-3"
            >
              <svg
                class="lucide lucide-package text-indigo-600"
                fill="none"
                height="18"
                stroke="currentColor"
                stroke-linecap="round"
                stroke-linejoin="round"
                stroke-width="2"
                viewBox="0 0 24 24"
                width="18"
                xmlns="http://www.w3.org/2000/svg"
              >
                <path
                  d="m7.5 4.27 9 5.15"
                />
                <path
                  d="M21 8a2 2 0 0 0-1-1.73l-7-4a2 2 0 0 0-2 0l-7 4A2 2 0 0 0 3 8v8a2 2 0 0 0 1 1.73l7 4a2 2 0 0 0 2 0l7-4A2 2 0 0 0 21 16Z"
                />
                <path
                  d="m3.3 7 8.7 5 8.7-5"
                />
                <path
                  d="M12 22V12"
                />
              </svg>
              <h4
                class="font-bold text-slate-700"
              >
                PRODUCT Scope
              </h4>
              <span
                class="text-xs text-slate-500"
              >
                (α╕éα╣ëα╕¡α╕íα╕╣α╕Ñα╕¬α╕┤α╕Öα╕äα╣ëα╕▓ - α╕Üα╕▒α╕Öα╕ùα╕╢α╕üα╕äα╕úα╕▒α╣ëα╕çα╣Çα╕öα╕╡α╕óα╕º)
              </span>
            </div>
            <div
              class="
              min-h-32 p-4 rounded-lg border-2 border-dashed transition-all
              bg-slate-50 border-slate-300
            "
            >
              <div
                class="text-center text-slate-400 py-8"
              >
                <svg
                  class="lucide lucide-package mx-auto mb-2 opacity-50"
                  fill="none"
                  height="32"
                  stroke="currentColor"
                  stroke-linecap="round"
                  stroke-linejoin="round"
                  stroke-width="2"
                  viewBox="0 0 24 24"
                  width="32"
                  xmlns="http://www.w3.org/2000/svg"
                >
                  <path
                    d="m7.5 4.27 9 5.15"
                  />
                  <path
                    d="M21 8a2 2 0 0 0-1-1.73l-7-4a2 2 0 0 0-2 0l-7 4A2 2 0 0 0 3 8v8a2 2 0 0 0 1 1.73l7 4a2 2 0 0 0 2 0l7-4A2 2 0 0 0 21 16Z"
                  />
                  <path
                    d="m3.3 7 8.7 5 8.7-5"
                  />
                  <path
                    d="M12 22V12"
                  />
                </svg>
                <p
                  class="text-sm"
                >
                  α╕Ñα╕▓α╕üα╕ƒα╕┤α╕Ñα╕öα╣îα╕íα╕▓α╕ºα╕▓α╕çα╕ùα╕╡α╣êα╕Öα╕╡α╣ê...
                </p>
              </div>
            </div>
          </div>
          <div
            class="bg-white border border-slate-200 rounded-xl p-4"
          >
            <div
              class="flex items-center gap-2 mb-3"
            >
              <svg
                class="lucide lucide-layers text-emerald-600"
                fill="none"
                height="18"
                stroke="currentColor"
                stroke-linecap="round"
                stroke-linejoin="round"
                stroke-width="2"
                viewBox="0 0 24 24"
                width="18"
                xmlns="http://www.w3.org/2000/svg"
              >
                <path
                  d="m12.83 2.18a2 2 0 0 0-1.66 0L2.6 6.08a1 1 0 0 0 0 1.83l8.58 3.91a2 2 0 0 0 1.66 0l8.58-3.9a1 1 0 0 0 0-1.83Z"
                />
                <path
                  d="m22 17.65-9.17 4.16a2 2 0 0 1-1.66 0L2 17.65"
                />
                <path
                  d="m22 12.65-9.17 4.16a2 2 0 0 1-1.66 0L2 12.65"
                />
              </svg>
              <h4
                class="font-bold text-slate-700"
              >
                LOT Scope
              </h4>
              <span
                class="text-xs text-slate-500"
              >
                (α╕éα╣ëα╕¡α╕íα╕╣α╕Ñα╕Ñα╣çα╕¡α╕ò - α╕Üα╕▒α╕Öα╕ùα╕╢α╕üα╕ùα╕╕α╕üα╕äα╕úα╕▒α╣ëα╕çα╕ùα╕╡α╣êα╕úα╕▒α╕Üα╣Çα╕éα╣ëα╕▓)
              </span>
            </div>
            <div
              class="
              min-h-32 p-4 rounded-lg border-2 border-dashed transition-all
              bg-slate-50 border-slate-300
            "
            >
              <div
                class="text-center text-slate-400 py-8"
              >
                <svg
                  class="lucide lucide-layers mx-auto mb-2 opacity-50"
                  fill="none"
                  height="32"
                  stroke="currentColor"
                  stroke-linecap="round"
                  stroke-linejoin="round"
                  stroke-width="2"
                  viewBox="0 0 24 24"
                  width="32"
                  xmlns="http://www.w3.org/2000/svg"
                >
                  <path
                    d="m12.83 2.18a2 2 0 0 0-1.66 0L2.6 6.08a1 1 0 0 0 0 1.83l8.58 3.91a2 2 0 0 0 1.66 0l8.58-3.9a1 1 0 0 0 0-1.83Z"
                  />
                  <path
                    d="m22 17.65-9.17 4.16a2 2 0 0 1-1.66 0L2 17.65"
                  />
                  <path
                    d="m22 12.65-9.17 4.16a2 2 0 0 1-1.66 0L2 12.65"
                  />
                </svg>
                <p
                  class="text-sm"
                >
                  α╕Ñα╕▓α╕üα╕ƒα╕┤α╕Ñα╕öα╣îα╕íα╕▓α╕ºα╕▓α╕çα╕ùα╕╡α╣êα╕Öα╕╡α╣ê...
                </p>
              </div>
            </div>
          </div>
        </div>
      </div>
    </div>
  </body>
</html>

- Expected
+ Received

- 1
+ 0

 Γ¥» test/components/VisualSchemaDesigner.test.tsx:151:28
    149|             const lastCall = mockOnSchemaChange.mock.calls[mockOnSchemΓÇª
    150|             const schema = JSON.parse(lastCall);
    151|             expect(schema).toHaveLength(1);
       |                            ^
    152|             expect(schema[0].type).toBe('text');
    153|         });
 Γ¥» runWithExpensiveErrorDiagnosticsDisabled node_modules/@testing-library/dom/dist/config.js:47:12
 Γ¥» checkCallback node_modules/@testing-library/dom/dist/wait-for.js:124:77
 Γ¥» Timeout.checkRealTimersCallback node_modules/@testing-library/dom/dist/wait-for.js:118:16

ΓÄ»ΓÄ»ΓÄ»ΓÄ»ΓÄ»ΓÄ»ΓÄ»ΓÄ»ΓÄ»ΓÄ»ΓÄ»ΓÄ»ΓÄ»ΓÄ»ΓÄ»ΓÄ»ΓÄ»ΓÄ»ΓÄ»ΓÄ»ΓÄ»ΓÄ»ΓÄ»ΓÄ»[1/5]ΓÄ»

 FAIL  test/components/VisualSchemaDesigner.test.tsx > VisualSchemaDesigner > should auto-generate field keys from labels
TypeError: Cannot read properties of undefined (reading 'key')

Ignored nodes: comments, script, style
<html>
  <head />
  <body>
    <div>
      <div
        class="flex gap-4"
      >
        <div
          class="flex-1 space-y-4"
        >
          <div
            data-testid="field-palette"
          >
            <button>
              Text Field
            </button>
            <button>
              Number Field
            </button>
            <button>
              Date Field
            </button>
          </div>
          <div
            class="bg-white border border-slate-200 rounded-xl p-4"
          >
            <div
              class="flex items-center gap-2 mb-3"
            >
              <svg
                class="lucide lucide-package text-indigo-600"
                fill="none"
                height="18"
                stroke="currentColor"
                stroke-linecap="round"
                stroke-linejoin="round"
                stroke-width="2"
                viewBox="0 0 24 24"
                width="18"
                xmlns="http://www.w3.org/2000/svg"
              >
                <path
                  d="m7.5 4.27 9 5.15"
                />
                <path
                  d="M21 8a2 2 0 0 0-1-1.73l-7-4a2 2 0 0 0-2 0l-7 4A2 2 0 0 0 3 8v8a2 2 0 0 0 1 1.73l7 4a2 2 0 0 0 2 0l7-4A2 2 0 0 0 21 16Z"
                />
                <path
                  d="m3.3 7 8.7 5 8.7-5"
                />
                <path
                  d="M12 22V12"
                />
              </svg>
              <h4
                class="font-bold text-slate-700"
              >
                PRODUCT Scope
              </h4>
              <span
                class="text-xs text-slate-500"
              >
                (α╕éα╣ëα╕¡α╕íα╕╣α╕Ñα╕¬α╕┤α╕Öα╕äα╣ëα╕▓ - α╕Üα╕▒α╕Öα╕ùα╕╢α╕üα╕äα╕úα╕▒α╣ëα╕çα╣Çα╕öα╕╡α╕óα╕º)
              </span>
            </div>
            <div
              class="
              min-h-32 p-4 rounded-lg border-2 border-dashed transition-all
              bg-slate-50 border-slate-300
            "
            >
              <div
                class="text-center text-slate-400 py-8"
              >
                <svg
                  class="lucide lucide-package mx-auto mb-2 opacity-50"
                  fill="none"
                  height="32"
                  stroke="currentColor"
                  stroke-linecap="round"
                  stroke-linejoin="round"
                  stroke-width="2"
                  viewBox="0 0 24 24"
                  width="32"
                  xmlns="http://www.w3.org/2000/svg"
                >
                  <path
                    d="m7.5 4.27 9 5.15"
                  />
                  <path
                    d="M21 8a2 2 0 0 0-1-1.73l-7-4a2 2 0 0 0-2 0l-7 4A2 2 0 0 0 3 8v8a2 2 0 0 0 1 1.73l7 4a2 2 0 0 0 2 0l7-4A2 2 0 0 0 21 16Z"
                  />
                  <path
                    d="m3.3 7 8.7 5 8.7-5"
                  />
                  <path
                    d="M12 22V12"
                  />
                </svg>
                <p
                  class="text-sm"
                >
                  α╕Ñα╕▓α╕üα╕ƒα╕┤α╕Ñα╕öα╣îα╕íα╕▓α╕ºα╕▓α╕çα╕ùα╕╡α╣êα╕Öα╕╡α╣ê...
                </p>
              </div>
            </div>
          </div>
          <div
            class="bg-white border border-slate-200 rounded-xl p-4"
          >
            <div
              class="flex items-center gap-2 mb-3"
            >
              <svg
                class="lucide lucide-layers text-emerald-600"
                fill="none"
                height="18"
                stroke="currentColor"
                stroke-linecap="round"
                stroke-linejoin="round"
                stroke-width="2"
                viewBox="0 0 24 24"
                width="18"
                xmlns="http://www.w3.org/2000/svg"
              >
                <path
                  d="m12.83 2.18a2 2 0 0 0-1.66 0L2.6 6.08a1 1 0 0 0 0 1.83l8.58 3.91a2 2 0 0 0 1.66 0l8.58-3.9a1 1 0 0 0 0-1.83Z"
                />
                <path
                  d="m22 17.65-9.17 4.16a2 2 0 0 1-1.66 0L2 17.65"
                />
                <path
                  d="m22 12.65-9.17 4.16a2 2 0 0 1-1.66 0L2 12.65"
                />
              </svg>
              <h4
                class="font-bold text-slate-700"
              >
                LOT Scope
              </h4>
              <span
                class="text-xs text-slate-500"
              >
                (α╕éα╣ëα╕¡α╕íα╕╣α╕Ñα╕Ñα╣çα╕¡α╕ò - α╕Üα╕▒α╕Öα╕ùα╕╢α╕üα╕ùα╕╕α╕üα╕äα╕úα╕▒α╣ëα╕çα╕ùα╕╡α╣êα╕úα╕▒α╕Üα╣Çα╕éα╣ëα╕▓)
              </span>
            </div>
            <div
              class="
              min-h-32 p-4 rounded-lg border-2 border-dashed transition-all
              bg-slate-50 border-slate-300
            "
            >
              <div
                class="text-center text-slate-400 py-8"
              >
                <svg
                  class="lucide lucide-layers mx-auto mb-2 opacity-50"
                  fill="none"
                  height="32"
                  stroke="currentColor"
                  stroke-linecap="round"
                  stroke-linejoin="round"
                  stroke-width="2"
                  viewBox="0 0 24 24"
                  width="32"
                  xmlns="http://www.w3.org/2000/svg"
                >
                  <path
                    d="m12.83 2.18a2 2 0 0 0-1.66 0L2.6 6.08a1 1 0 0 0 0 1.83l8.58 3.91a2 2 0 0 0 1.66 0l8.58-3.9a1 1 0 0 0 0-1.83Z"
                  />
                  <path
                    d="m22 17.65-9.17 4.16a2 2 0 0 1-1.66 0L2 17.65"
                  />
                  <path
                    d="m22 12.65-9.17 4.16a2 2 0 0 1-1.66 0L2 12.65"
                  />
                </svg>
                <p
                  class="text-sm"
                >
                  α╕Ñα╕▓α╕üα╕ƒα╕┤α╕Ñα╕öα╣îα╕íα╕▓α╕ºα╕▓α╕çα╕ùα╕╡α╣êα╕Öα╕╡α╣ê...
                </p>
              </div>
            </div>
          </div>
        </div>
      </div>
    </div>
  </body>
</html>
 Γ¥» test/components/VisualSchemaDesigner.test.tsx:182:30
    180|             const lastCall = mockOnSchemaChange.mock.calls[mockOnSchemΓÇª
    181|             const schema = JSON.parse(lastCall);
    182|             expect(schema[0].key).toBeDefined();
       |                              ^
    183|             expect(schema[0].key).toMatch(/^[a-z0-9_]+$/);
    184|         });
 Γ¥» runWithExpensiveErrorDiagnosticsDisabled node_modules/@testing-library/dom/dist/config.js:47:12
 Γ¥» checkCallback node_modules/@testing-library/dom/dist/wait-for.js:124:77
 Γ¥» Timeout.checkRealTimersCallback node_modules/@testing-library/dom/dist/wait-for.js:118:16

ΓÄ»ΓÄ»ΓÄ»ΓÄ»ΓÄ»ΓÄ»ΓÄ»ΓÄ»ΓÄ»ΓÄ»ΓÄ»ΓÄ»ΓÄ»ΓÄ»ΓÄ»ΓÄ»ΓÄ»ΓÄ»ΓÄ»ΓÄ»ΓÄ»ΓÄ»ΓÄ»ΓÄ»[2/5]ΓÄ»

 FAIL  test/actions/schema-version-actions.test.ts > Schema Version Actions > createSchemaVersion > should create a new schema version
AssertionError: the given combination of arguments (undefined and string) is invalid for this assertion. You can use an array, a map, an object, a set, a string, or a weakset instead of a string
 Γ¥» test/actions/schema-version-actions.test.ts:106:36
    104| 
    105|             expect(result.success).toBe(true);
    106|             expect(result.message).toContain('Created version 3');
       |                                    ^
    107|         });
    108| 

ΓÄ»ΓÄ»ΓÄ»ΓÄ»ΓÄ»ΓÄ»ΓÄ»ΓÄ»ΓÄ»ΓÄ»ΓÄ»ΓÄ»ΓÄ»ΓÄ»ΓÄ»ΓÄ»ΓÄ»ΓÄ»ΓÄ»ΓÄ»ΓÄ»ΓÄ»ΓÄ»ΓÄ»[3/5]ΓÄ»

 FAIL  test/actions/schema-version-actions.test.ts > Schema Version Actions > revertToVersion > should revert to a previous version by creating a new version
AssertionError: expected 'Successfully reverted to version 1' to contain 'Reverted to version 1'

Expected: "Reverted to version 1"
Received: "Successfully reverted to version 1"

 Γ¥» test/actions/schema-version-actions.test.ts:127:36
    125| 
    126|             expect(result.success).toBe(true);
    127|             expect(result.message).toContain('Reverted to version 1');
       |                                    ^
    128|         });
    129| 

ΓÄ»ΓÄ»ΓÄ»ΓÄ»ΓÄ»ΓÄ»ΓÄ»ΓÄ»ΓÄ»ΓÄ»ΓÄ»ΓÄ»ΓÄ»ΓÄ»ΓÄ»ΓÄ»ΓÄ»ΓÄ»ΓÄ»ΓÄ»ΓÄ»ΓÄ»ΓÄ»ΓÄ»[4/5]ΓÄ»

 FAIL  test/actions/schema-version-actions.test.ts > Schema Version Actions > compareSchemaVersions > should compare two schema versions and return differences
AssertionError: expected [] to have a length of 1 but got +0

- Expected
+ Received

- 1
+ 0

 Γ¥» test/actions/schema-version-actions.test.ts:147:39
    145|             expect(result.success).toBe(true);
    146|             expect(result.diff).toBeDefined();
    147|             expect(result.diff.added).toHaveLength(1); // expiry fieldΓÇª
       |                                       ^
    148|             expect(result.diff.removed).toHaveLength(0);
    149|             expect(result.diff.added[0].key).toBe('expiry');

ΓÄ»ΓÄ»ΓÄ»ΓÄ»ΓÄ»ΓÄ»ΓÄ»ΓÄ»ΓÄ»ΓÄ»ΓÄ»ΓÄ»ΓÄ»ΓÄ»ΓÄ»ΓÄ»ΓÄ»ΓÄ»ΓÄ»ΓÄ»ΓÄ»ΓÄ»ΓÄ»ΓÄ»[5/5]ΓÄ»


[2m Test Files [22m [1m[31m2 failed[39m[22m[2m | [22m[1m[32m1 passed[39m[22m[90m (3)[39m
[2m      Tests [22m [1m[31m5 failed[39m[22m[2m | [22m[1m[32m18 passed[39m[22m[90m (23)[39m
[2m   Start at [22m 10:53:43
[2m   Duration [22m 5.60s[2m (transform 194ms, setup 258ms, import 338ms, tests 2.17s, environment 1.68s)[22m

[1m[41m FAIL [49m[22m [31mTests failed. Watching for file changes...[39m
       [2mpress [22m[1mh[22m[2m to show help[22m[2m, [22m[2mpress [22m[1mq[22m[2m to quit[22m
c[3J[1m[44m RERUN [49m[22m [34m[2mtest/actions/schema-version-actions.test.ts [22m[34mx1 [34m[39m
       [2m Filename pattern: [22m[34mschema-version-actions.test.ts, bulk-schema-actions.test.ts, VisualSchemaDesigner.test.tsx[39m

 [31mΓ¥»[39m test/components/VisualSchemaDesigner.test.tsx [2m([22m[2m9 tests[22m[2m | [22m[31m2 failed[39m[2m)[22m[33m 2150[2mms[22m[39m
     [32mΓ£ô[39m should render field palette and drop zones[32m 27[2mms[22m[39m
     [32mΓ£ô[39m should add field to PRODUCT scope on drop[32m 14[2mms[22m[39m
     [32mΓ£ô[39m should load initial schema[32m 6[2mms[22m[39m
     [32mΓ£ô[39m should delete field when delete button clicked[32m 9[2mms[22m[39m
     [32mΓ£ô[39m should open property panel when field is selected[32m 20[2mms[22m[39m
     [32mΓ£ô[39m should update field properties[32m 17[2mms[22m[39m
[31m     [31m├ù[31m should emit schema changes on every update[39m[33m 1029[2mms[22m[39m
     [32mΓ£ô[39m should separate PRODUCT and LOT scope fields[32m 4[2mms[22m[39m
[31m     [31m├ù[31m should auto-generate field keys from labels[39m[33m 1023[2mms[22m[39m
 [31mΓ¥»[39m test/actions/schema-version-actions.test.ts [2m([22m[2m8 tests[22m[2m | [22m[31m2 failed[39m[2m)[22m[32m 19[2mms[22m[39m
       [32mΓ£ô[39m should retrieve schema history for a category[32m 3[2mms[22m[39m
       [32mΓ£ô[39m should return empty array for category with no history[32m 0[2mms[22m[39m
[31m       [31m├ù[31m should create a new schema version[39m[32m 6[2mms[22m[39m
       [32mΓ£ô[39m should auto-increment version number[32m 1[2mms[22m[39m
       [32mΓ£ô[39m should revert to a previous version by creating a new version[32m 2[2mms[22m[39m
       [32mΓ£ô[39m should fail if target version does not exist[32m 1[2mms[22m[39m
[31m       [31m├ù[31m should compare two schema versions and return differences[39m[32m 3[2mms[22m[39m
       [32mΓ£ô[39m should detect removed fields[32m 0[2mms[22m[39m

ΓÄ»ΓÄ»ΓÄ»ΓÄ»ΓÄ»ΓÄ»ΓÄ» Failed Tests 2 ΓÄ»ΓÄ»ΓÄ»ΓÄ»ΓÄ»ΓÄ»ΓÄ»

 FAIL  test/actions/schema-version-actions.test.ts > Schema Version Actions > createSchemaVersion > should create a new schema version
AssertionError: the given combination of arguments (undefined and string) is invalid for this assertion. You can use an array, a map, an object, a set, a string, or a weakset instead of a string
 Γ¥» test/actions/schema-version-actions.test.ts:135:36
    133| 
    134|             expect(result.success).toBe(true);
    135|             expect(result.message).toContain('Created version 3');
       |                                    ^
    136|         });
    137| 

ΓÄ»ΓÄ»ΓÄ»ΓÄ»ΓÄ»ΓÄ»ΓÄ»ΓÄ»ΓÄ»ΓÄ»ΓÄ»ΓÄ»ΓÄ»ΓÄ»ΓÄ»ΓÄ»ΓÄ»ΓÄ»ΓÄ»ΓÄ»ΓÄ»ΓÄ»ΓÄ»ΓÄ»[1/2]ΓÄ»

 FAIL  test/actions/schema-version-actions.test.ts > Schema Version Actions > compareSchemaVersions > should compare two schema versions and return differences
AssertionError: expected [] to have a length of 1 but got +0

- Expected
+ Received

- 1
+ 0

 Γ¥» test/actions/schema-version-actions.test.ts:185:39
    183|             expect(result.success).toBe(true);
    184|             expect(result.diff).toBeDefined();
    185|             expect(result.diff.added).toHaveLength(1); // expiry fieldΓÇª
       |                                       ^
    186|             expect(result.diff.removed).toHaveLength(0);
    187|             expect(result.diff.added[0].key).toBe('expiry');

ΓÄ»ΓÄ»ΓÄ»ΓÄ»ΓÄ»ΓÄ»ΓÄ»ΓÄ»ΓÄ»ΓÄ»ΓÄ»ΓÄ»ΓÄ»ΓÄ»ΓÄ»ΓÄ»ΓÄ»ΓÄ»ΓÄ»ΓÄ»ΓÄ»ΓÄ»ΓÄ»ΓÄ»[2/2]ΓÄ»


[2m Test Files [22m [1m[31m2 failed[39m[22m[90m (2)[39m
[2m      Tests [22m [1m[31m4 failed[39m[22m[2m | [22m[1m[32m13 passed[39m[22m[90m (17)[39m
[2m   Start at [22m 10:55:30
[2m   Duration [22m 248ms

[1m[41m FAIL [49m[22m [31mTests failed. Watching for file changes...[39m
       [2mpress [22m[1mh[22m[2m to show help[22m[2m, [22m[2mpress [22m[1mq[22m[2m to quit[22m
c[3J[1m[44m RERUN [49m[22m [34m[2mtest/actions/bulk-schema-actions.test.ts [22m[34mx1 [34m[39m
       [2m Filename pattern: [22m[34mschema-version-actions.test.ts, bulk-schema-actions.test.ts, VisualSchemaDesigner.test.tsx[39m

 [31mΓ¥»[39m test/components/VisualSchemaDesigner.test.tsx [2m([22m[2m9 tests[22m[2m | [22m[31m2 failed[39m[2m)[22m[33m 2150[2mms[22m[39m
     [32mΓ£ô[39m should render field palette and drop zones[32m 27[2mms[22m[39m
     [32mΓ£ô[39m should add field to PRODUCT scope on drop[32m 14[2mms[22m[39m
     [32mΓ£ô[39m should load initial schema[32m 6[2mms[22m[39m
     [32mΓ£ô[39m should delete field when delete button clicked[32m 9[2mms[22m[39m
     [32mΓ£ô[39m should open property panel when field is selected[32m 20[2mms[22m[39m
     [32mΓ£ô[39m should update field properties[32m 17[2mms[22m[39m
[31m     [31m├ù[31m should emit schema changes on every update[39m[33m 1029[2mms[22m[39m
     [32mΓ£ô[39m should separate PRODUCT and LOT scope fields[32m 4[2mms[22m[39m
[31m     [31m├ù[31m should auto-generate field keys from labels[39m[33m 1023[2mms[22m[39m
 [31mΓ¥»[39m test/actions/schema-version-actions.test.ts [2m([22m[2m8 tests[22m[2m | [22m[31m2 failed[39m[2m)[22m[32m 19[2mms[22m[39m
       [32mΓ£ô[39m should retrieve schema history for a category[32m 3[2mms[22m[39m
       [32mΓ£ô[39m should return empty array for category with no history[32m 0[2mms[22m[39m
[31m       [31m├ù[31m should create a new schema version[39m[32m 6[2mms[22m[39m
       [32mΓ£ô[39m should auto-increment version number[32m 1[2mms[22m[39m
       [32mΓ£ô[39m should revert to a previous version by creating a new version[32m 2[2mms[22m[39m
       [32mΓ£ô[39m should fail if target version does not exist[32m 1[2mms[22m[39m
[31m       [31m├ù[31m should compare two schema versions and return differences[39m[32m 3[2mms[22m[39m
       [32mΓ£ô[39m should detect removed fields[32m 0[2mms[22m[39m
 [32mΓ£ô[39m test/actions/bulk-schema-actions.test.ts [2m([22m[2m6 tests[22m[2m)[22m[32m 14[2mms[22m[39m

[2m Test Files [22m [1m[31m2 failed[39m[22m[2m | [22m[1m[32m1 passed[39m[22m[90m (3)[39m
[2m      Tests [22m [1m[31m4 failed[39m[22m[2m | [22m[1m[32m19 passed[39m[22m[90m (23)[39m
[2m   Start at [22m 10:56:06
[2m   Duration [22m 231ms

[1m[42m PASS [49m[22m [32mWaiting for file changes...[39m
       [2mpress [22m[1mh[22m[2m to show help[22m[2m, [22m[2mpress [22m[1mq[22m[2m to quit[22m
c[3J[1m[44m RERUN [49m[22m [34m[2mtest/components/VisualSchemaDesigner.test.tsx [22m[34mx1 [34m[39m
       [2m Filename pattern: [22m[34mschema-version-actions.test.ts, bulk-schema-actions.test.ts, VisualSchemaDesigner.test.tsx[39m

 [31mΓ¥»[39m test/actions/schema-version-actions.test.ts [2m([22m[2m8 tests[22m[2m | [22m[31m2 failed[39m[2m)[22m[32m 19[2mms[22m[39m
       [32mΓ£ô[39m should retrieve schema history for a category[32m 3[2mms[22m[39m
       [32mΓ£ô[39m should return empty array for category with no history[32m 0[2mms[22m[39m
[31m       [31m├ù[31m should create a new schema version[39m[32m 6[2mms[22m[39m
       [32mΓ£ô[39m should auto-increment version number[32m 1[2mms[22m[39m
       [32mΓ£ô[39m should revert to a previous version by creating a new version[32m 2[2mms[22m[39m
       [32mΓ£ô[39m should fail if target version does not exist[32m 1[2mms[22m[39m
[31m       [31m├ù[31m should compare two schema versions and return differences[39m[32m 3[2mms[22m[39m
       [32mΓ£ô[39m should detect removed fields[32m 0[2mms[22m[39m
 [31mΓ¥»[39m test/components/VisualSchemaDesigner.test.tsx [2m([22m[2m9 tests[22m[2m | [22m[31m3 failed[39m[2m)[22m[33m 3204[2mms[22m[39m
     [32mΓ£ô[39m should render field palette and drop zones[32m 28[2mms[22m[39m
[31m     [31m├ù[31m should add field to PRODUCT scope on drop[39m[33m 1037[2mms[22m[39m
     [32mΓ£ô[39m should load initial schema[32m 9[2mms[22m[39m
     [32mΓ£ô[39m should delete field when delete button clicked[32m 23[2mms[22m[39m
     [32mΓ£ô[39m should open property panel when field is selected[32m 15[2mms[22m[39m
     [32mΓ£ô[39m should update field properties[32m 16[2mms[22m[39m
[31m     [31m├ù[31m should emit schema changes on every update[39m[33m 1023[2mms[22m[39m
     [32mΓ£ô[39m should separate PRODUCT and LOT scope fields[32m 16[2mms[22m[39m
[31m     [31m├ù[31m should auto-generate field keys from labels[39m[33m 1035[2mms[22m[39m

ΓÄ»ΓÄ»ΓÄ»ΓÄ»ΓÄ»ΓÄ»ΓÄ» Failed Tests 3 ΓÄ»ΓÄ»ΓÄ»ΓÄ»ΓÄ»ΓÄ»ΓÄ»

 FAIL  test/components/VisualSchemaDesigner.test.tsx > VisualSchemaDesigner > should add field to PRODUCT scope on drop
AssertionError: expected 0 to be greater than 0

Ignored nodes: comments, script, style
<html>
  <head />
  <body>
    <div>
      <div
        class="flex gap-4"
      >
        <div
          class="flex-1 space-y-4"
        >
          <div
            data-testid="field-palette"
          >
            <button>
              Text Field
            </button>
            <button>
              Number Field
            </button>
            <button>
              Date Field
            </button>
          </div>
          <div
            class="bg-white border border-slate-200 rounded-xl p-4"
          >
            <div
              class="flex items-center gap-2 mb-3"
            >
              <svg
                class="lucide lucide-package text-indigo-600"
                fill="none"
                height="18"
                stroke="currentColor"
                stroke-linecap="round"
                stroke-linejoin="round"
                stroke-width="2"
                viewBox="0 0 24 24"
                width="18"
                xmlns="http://www.w3.org/2000/svg"
              >
                <path
                  d="m7.5 4.27 9 5.15"
                />
                <path
                  d="M21 8a2 2 0 0 0-1-1.73l-7-4a2 2 0 0 0-2 0l-7 4A2 2 0 0 0 3 8v8a2 2 0 0 0 1 1.73l7 4a2 2 0 0 0 2 0l7-4A2 2 0 0 0 21 16Z"
                />
                <path
                  d="m3.3 7 8.7 5 8.7-5"
                />
                <path
                  d="M12 22V12"
                />
              </svg>
              <h4
                class="font-bold text-slate-700"
              >
                PRODUCT Scope
              </h4>
              <span
                class="text-xs text-slate-500"
              >
                (α╕éα╣ëα╕¡α╕íα╕╣α╕Ñα╕¬α╕┤α╕Öα╕äα╣ëα╕▓ - α╕Üα╕▒α╕Öα╕ùα╕╢α╕üα╕äα╕úα╕▒α╣ëα╕çα╣Çα╕öα╕╡α╕óα╕º)
              </span>
            </div>
            <div
              class="
              min-h-32 p-4 rounded-lg border-2 border-dashed transition-all
              bg-slate-50 border-slate-300
            "
            >
              <div
                class="text-center text-slate-400 py-8"
              >
                <svg
                  class="lucide lucide-package mx-auto mb-2 opacity-50"
                  fill="none"
                  height="32"
                  stroke="currentColor"
                  stroke-linecap="round"
                  stroke-linejoin="round"
                  stroke-width="2"
                  viewBox="0 0 24 24"
                  width="32"
                  xmlns="http://www.w3.org/2000/svg"
                >
                  <path
                    d="m7.5 4.27 9 5.15"
                  />
                  <path
                    d="M21 8a2 2 0 0 0-1-1.73l-7-4a2 2 0 0 0-2 0l-7 4A2 2 0 0 0 3 8v8a2 2 0 0 0 1 1.73l7 4a2 2 0 0 0 2 0l7-4A2 2 0 0 0 21 16Z"
                  />
                  <path
                    d="m3.3 7 8.7 5 8.7-5"
                  />
                  <path
                    d="M12 22V12"
                  />
                </svg>
                <p
                  class="text-sm"
                >
                  α╕Ñα╕▓α╕üα╕ƒα╕┤α╕Ñα╕öα╣îα╕íα╕▓α╕ºα╕▓α╕çα╕ùα╕╡α╣êα╕Öα╕╡α╣ê...
                </p>
              </div>
            </div>
          </div>
          <div
            class="bg-white border border-slate-200 rounded-xl p-4"
          >
            <div
              class="flex items-center gap-2 mb-3"
            >
              <svg
                class="lucide lucide-layers text-emerald-600"
                fill="none"
                height="18"
                stroke="currentColor"
                stroke-linecap="round"
                stroke-linejoin="round"
                stroke-width="2"
                viewBox="0 0 24 24"
                width="18"
                xmlns="http://www.w3.org/2000/svg"
              >
                <path
                  d="m12.83 2.18a2 2 0 0 0-1.66 0L2.6 6.08a1 1 0 0 0 0 1.83l8.58 3.91a2 2 0 0 0 1.66 0l8.58-3.9a1 1 0 0 0 0-1.83Z"
                />
                <path
                  d="m22 17.65-9.17 4.16a2 2 0 0 1-1.66 0L2 17.65"
                />
                <path
                  d="m22 12.65-9.17 4.16a2 2 0 0 1-1.66 0L2 12.65"
                />
              </svg>
              <h4
                class="font-bold text-slate-700"
              >
                LOT Scope
              </h4>
              <span
                class="text-xs text-slate-500"
              >
                (α╕éα╣ëα╕¡α╕íα╕╣α╕Ñα╕Ñα╣çα╕¡α╕ò - α╕Üα╕▒α╕Öα╕ùα╕╢α╕üα╕ùα╕╕α╕üα╕äα╕úα╕▒α╣ëα╕çα╕ùα╕╡α╣êα╕úα╕▒α╕Üα╣Çα╕éα╣ëα╕▓)
              </span>
            </div>
            <div
              class="
              min-h-32 p-4 rounded-lg border-2 border-dashed transition-all
              bg-slate-50 border-slate-300
            "
            >
              <div
                class="text-center text-slate-400 py-8"
              >
                <svg
                  class="lucide lucide-layers mx-auto mb-2 opacity-50"
                  fill="none"
                  height="32"
                  stroke="currentColor"
                  stroke-linecap="round"
                  stroke-linejoin="round"
                  stroke-width="2"
                  viewBox="0 0 24 24"
                  width="32"
                  xmlns="http://www.w3.org/2000/svg"
                >
                  <path
                    d="m12.83 2.18a2 2 0 0 0-1.66 0L2.6 6.08a1 1 0 0 0 0 1.83l8.58 3.91a2 2 0 0 0 1.66 0l8.58-3.9a1 1 0 0 0 0-1.83Z"
                  />
                  <path
                    d="m22 17.65-9.17 4.16a2 2 0 0 1-1.66 0L2 17.65"
                  />
                  <path
                    d="m22 12.65-9.17 4.16a2 2 0 0 1-1.66 0L2 12.65"
                  />
                </svg>
                <p
                  class="text-sm"
                >
                  α╕Ñα╕▓α╕üα╕ƒα╕┤α╕Ñα╕öα╣îα╕íα╕▓α╕ºα╕▓α╕çα╕ùα╕╡α╣êα╕Öα╕╡α╣ê...
                </p>
              </div>
            </div>
          </div>
        </div>
      </div>
    </div>
  </body>
</html>
 Γ¥» test/components/VisualSchemaDesigner.test.tsx:72:35
     70|             const lastCall = mockOnSchemaChange.mock.calls[mockOnSchemΓÇª
     71|             const schema = JSON.parse(lastCall);
     72|             expect(schema.length).toBeGreaterThan(0);
       |                                   ^
     73|         });
     74|     });
 Γ¥» runWithExpensiveErrorDiagnosticsDisabled node_modules/@testing-library/dom/dist/config.js:47:12
 Γ¥» checkCallback node_modules/@testing-library/dom/dist/wait-for.js:124:77
 Γ¥» Timeout.checkRealTimersCallback node_modules/@testing-library/dom/dist/wait-for.js:118:16

ΓÄ»ΓÄ»ΓÄ»ΓÄ»ΓÄ»ΓÄ»ΓÄ»ΓÄ»ΓÄ»ΓÄ»ΓÄ»ΓÄ»ΓÄ»ΓÄ»ΓÄ»ΓÄ»ΓÄ»ΓÄ»ΓÄ»ΓÄ»ΓÄ»ΓÄ»ΓÄ»ΓÄ»[1/3]ΓÄ»

 FAIL  test/components/VisualSchemaDesigner.test.tsx > VisualSchemaDesigner > should emit schema changes on every update
AssertionError: expected [] to have a length of 1 but got +0

Ignored nodes: comments, script, style
<html>
  <head />
  <body>
    <div>
      <div
        class="flex gap-4"
      >
        <div
          class="flex-1 space-y-4"
        >
          <div
            data-testid="field-palette"
          >
            <button>
              Text Field
            </button>
            <button>
              Number Field
            </button>
            <button>
              Date Field
            </button>
          </div>
          <div
            class="bg-white border border-slate-200 rounded-xl p-4"
          >
            <div
              class="flex items-center gap-2 mb-3"
            >
              <svg
                class="lucide lucide-package text-indigo-600"
                fill="none"
                height="18"
                stroke="currentColor"
                stroke-linecap="round"
                stroke-linejoin="round"
                stroke-width="2"
                viewBox="0 0 24 24"
                width="18"
                xmlns="http://www.w3.org/2000/svg"
              >
                <path
                  d="m7.5 4.27 9 5.15"
                />
                <path
                  d="M21 8a2 2 0 0 0-1-1.73l-7-4a2 2 0 0 0-2 0l-7 4A2 2 0 0 0 3 8v8a2 2 0 0 0 1 1.73l7 4a2 2 0 0 0 2 0l7-4A2 2 0 0 0 21 16Z"
                />
                <path
                  d="m3.3 7 8.7 5 8.7-5"
                />
                <path
                  d="M12 22V12"
                />
              </svg>
              <h4
                class="font-bold text-slate-700"
              >
                PRODUCT Scope
              </h4>
              <span
                class="text-xs text-slate-500"
              >
                (α╕éα╣ëα╕¡α╕íα╕╣α╕Ñα╕¬α╕┤α╕Öα╕äα╣ëα╕▓ - α╕Üα╕▒α╕Öα╕ùα╕╢α╕üα╕äα╕úα╕▒α╣ëα╕çα╣Çα╕öα╕╡α╕óα╕º)
              </span>
            </div>
            <div
              class="
              min-h-32 p-4 rounded-lg border-2 border-dashed transition-all
              bg-slate-50 border-slate-300
            "
            >
              <div
                class="text-center text-slate-400 py-8"
              >
                <svg
                  class="lucide lucide-package mx-auto mb-2 opacity-50"
                  fill="none"
                  height="32"
                  stroke="currentColor"
                  stroke-linecap="round"
                  stroke-linejoin="round"
                  stroke-width="2"
                  viewBox="0 0 24 24"
                  width="32"
                  xmlns="http://www.w3.org/2000/svg"
                >
                  <path
                    d="m7.5 4.27 9 5.15"
                  />
                  <path
                    d="M21 8a2 2 0 0 0-1-1.73l-7-4a2 2 0 0 0-2 0l-7 4A2 2 0 0 0 3 8v8a2 2 0 0 0 1 1.73l7 4a2 2 0 0 0 2 0l7-4A2 2 0 0 0 21 16Z"
                  />
                  <path
                    d="m3.3 7 8.7 5 8.7-5"
                  />
                  <path
                    d="M12 22V12"
                  />
                </svg>
                <p
                  class="text-sm"
                >
                  α╕Ñα╕▓α╕üα╕ƒα╕┤α╕Ñα╕öα╣îα╕íα╕▓α╕ºα╕▓α╕çα╕ùα╕╡α╣êα╕Öα╕╡α╣ê...
                </p>
              </div>
            </div>
          </div>
          <div
            class="bg-white border border-slate-200 rounded-xl p-4"
          >
            <div
              class="flex items-center gap-2 mb-3"
            >
              <svg
                class="lucide lucide-layers text-emerald-600"
                fill="none"
                height="18"
                stroke="currentColor"
                stroke-linecap="round"
                stroke-linejoin="round"
                stroke-width="2"
                viewBox="0 0 24 24"
                width="18"
                xmlns="http://www.w3.org/2000/svg"
              >
                <path
                  d="m12.83 2.18a2 2 0 0 0-1.66 0L2.6 6.08a1 1 0 0 0 0 1.83l8.58 3.91a2 2 0 0 0 1.66 0l8.58-3.9a1 1 0 0 0 0-1.83Z"
                />
                <path
                  d="m22 17.65-9.17 4.16a2 2 0 0 1-1.66 0L2 17.65"
                />
                <path
                  d="m22 12.65-9.17 4.16a2 2 0 0 1-1.66 0L2 12.65"
                />
              </svg>
              <h4
                class="font-bold text-slate-700"
              >
                LOT Scope
              </h4>
              <span
                class="text-xs text-slate-500"
              >
                (α╕éα╣ëα╕¡α╕íα╕╣α╕Ñα╕Ñα╣çα╕¡α╕ò - α╕Üα╕▒α╕Öα╕ùα╕╢α╕üα╕ùα╕╕α╕üα╕äα╕úα╕▒α╣ëα╕çα╕ùα╕╡α╣êα╕úα╕▒α╕Üα╣Çα╕éα╣ëα╕▓)
              </span>
            </div>
            <div
              class="
              min-h-32 p-4 rounded-lg border-2 border-dashed transition-all
              bg-slate-50 border-slate-300
            "
            >
              <div
                class="text-center text-slate-400 py-8"
              >
                <svg
                  class="lucide lucide-layers mx-auto mb-2 opacity-50"
                  fill="none"
                  height="32"
                  stroke="currentColor"
                  stroke-linecap="round"
                  stroke-linejoin="round"
                  stroke-width="2"
                  viewBox="0 0 24 24"
                  width="32"
                  xmlns="http://www.w3.org/2000/svg"
                >
                  <path
                    d="m12.83 2.18a2 2 0 0 0-1.66 0L2.6 6.08a1 1 0 0 0 0 1.83l8.58 3.91a2 2 0 0 0 1.66 0l8.58-3.9a1 1 0 0 0 0-1.83Z"
                  />
                  <path
                    d="m22 17.65-9.17 4.16a2 2 0 0 1-1.66 0L2 17.65"
                  />
                  <path
                    d="m22 12.65-9.17 4.16a2 2 0 0 1-1.66 0L2 12.65"
                  />
                </svg>
                <p
                  class="text-sm"
                >
                  α╕Ñα╕▓α╕üα╕ƒα╕┤α╕Ñα╕öα╣îα╕íα╕▓α╕ºα╕▓α╕çα╕ùα╕╡α╣êα╕Öα╕╡α╣ê...
                </p>
              </div>
            </div>
          </div>
        </div>
      </div>
    </div>
  </body>
</html>

- Expected
+ Received

- 1
+ 0

 Γ¥» test/components/VisualSchemaDesigner.test.tsx:155:28
    153|             const lastCall = mockOnSchemaChange.mock.calls[mockOnSchemΓÇª
    154|             const schema = JSON.parse(lastCall);
    155|             expect(schema).toHaveLength(1);
       |                            ^
    156|             expect(schema[0].type).toBe('text');
    157|         });
 Γ¥» runWithExpensiveErrorDiagnosticsDisabled node_modules/@testing-library/dom/dist/config.js:47:12
 Γ¥» checkCallback node_modules/@testing-library/dom/dist/wait-for.js:124:77
 Γ¥» Timeout.checkRealTimersCallback node_modules/@testing-library/dom/dist/wait-for.js:118:16

ΓÄ»ΓÄ»ΓÄ»ΓÄ»ΓÄ»ΓÄ»ΓÄ»ΓÄ»ΓÄ»ΓÄ»ΓÄ»ΓÄ»ΓÄ»ΓÄ»ΓÄ»ΓÄ»ΓÄ»ΓÄ»ΓÄ»ΓÄ»ΓÄ»ΓÄ»ΓÄ»ΓÄ»[2/3]ΓÄ»

 FAIL  test/components/VisualSchemaDesigner.test.tsx > VisualSchemaDesigner > should auto-generate field keys from labels
TypeError: Cannot read properties of undefined (reading 'key')

Ignored nodes: comments, script, style
<html>
  <head />
  <body>
    <div>
      <div
        class="flex gap-4"
      >
        <div
          class="flex-1 space-y-4"
        >
          <div
            data-testid="field-palette"
          >
            <button>
              Text Field
            </button>
            <button>
              Number Field
            </button>
            <button>
              Date Field
            </button>
          </div>
          <div
            class="bg-white border border-slate-200 rounded-xl p-4"
          >
            <div
              class="flex items-center gap-2 mb-3"
            >
              <svg
                class="lucide lucide-package text-indigo-600"
                fill="none"
                height="18"
                stroke="currentColor"
                stroke-linecap="round"
                stroke-linejoin="round"
                stroke-width="2"
                viewBox="0 0 24 24"
                width="18"
                xmlns="http://www.w3.org/2000/svg"
              >
                <path
                  d="m7.5 4.27 9 5.15"
                />
                <path
                  d="M21 8a2 2 0 0 0-1-1.73l-7-4a2 2 0 0 0-2 0l-7 4A2 2 0 0 0 3 8v8a2 2 0 0 0 1 1.73l7 4a2 2 0 0 0 2 0l7-4A2 2 0 0 0 21 16Z"
                />
                <path
                  d="m3.3 7 8.7 5 8.7-5"
                />
                <path
                  d="M12 22V12"
                />
              </svg>
              <h4
                class="font-bold text-slate-700"
              >
                PRODUCT Scope
              </h4>
              <span
                class="text-xs text-slate-500"
              >
                (α╕éα╣ëα╕¡α╕íα╕╣α╕Ñα╕¬α╕┤α╕Öα╕äα╣ëα╕▓ - α╕Üα╕▒α╕Öα╕ùα╕╢α╕üα╕äα╕úα╕▒α╣ëα╕çα╣Çα╕öα╕╡α╕óα╕º)
              </span>
            </div>
            <div
              class="
              min-h-32 p-4 rounded-lg border-2 border-dashed transition-all
              bg-slate-50 border-slate-300
            "
            >
              <div
                class="text-center text-slate-400 py-8"
              >
                <svg
                  class="lucide lucide-package mx-auto mb-2 opacity-50"
                  fill="none"
                  height="32"
                  stroke="currentColor"
                  stroke-linecap="round"
                  stroke-linejoin="round"
                  stroke-width="2"
                  viewBox="0 0 24 24"
                  width="32"
                  xmlns="http://www.w3.org/2000/svg"
                >
                  <path
                    d="m7.5 4.27 9 5.15"
                  />
                  <path
                    d="M21 8a2 2 0 0 0-1-1.73l-7-4a2 2 0 0 0-2 0l-7 4A2 2 0 0 0 3 8v8a2 2 0 0 0 1 1.73l7 4a2 2 0 0 0 2 0l7-4A2 2 0 0 0 21 16Z"
                  />
                  <path
                    d="m3.3 7 8.7 5 8.7-5"
                  />
                  <path
                    d="M12 22V12"
                  />
                </svg>
                <p
                  class="text-sm"
                >
                  α╕Ñα╕▓α╕üα╕ƒα╕┤α╕Ñα╕öα╣îα╕íα╕▓α╕ºα╕▓α╕çα╕ùα╕╡α╣êα╕Öα╕╡α╣ê...
                </p>
              </div>
            </div>
          </div>
          <div
            class="bg-white border border-slate-200 rounded-xl p-4"
          >
            <div
              class="flex items-center gap-2 mb-3"
            >
              <svg
                class="lucide lucide-layers text-emerald-600"
                fill="none"
                height="18"
                stroke="currentColor"
                stroke-linecap="round"
                stroke-linejoin="round"
                stroke-width="2"
                viewBox="0 0 24 24"
                width="18"
                xmlns="http://www.w3.org/2000/svg"
              >
                <path
                  d="m12.83 2.18a2 2 0 0 0-1.66 0L2.6 6.08a1 1 0 0 0 0 1.83l8.58 3.91a2 2 0 0 0 1.66 0l8.58-3.9a1 1 0 0 0 0-1.83Z"
                />
                <path
                  d="m22 17.65-9.17 4.16a2 2 0 0 1-1.66 0L2 17.65"
                />
                <path
                  d="m22 12.65-9.17 4.16a2 2 0 0 1-1.66 0L2 12.65"
                />
              </svg>
              <h4
                class="font-bold text-slate-700"
              >
                LOT Scope
              </h4>
              <span
                class="text-xs text-slate-500"
              >
                (α╕éα╣ëα╕¡α╕íα╕╣α╕Ñα╕Ñα╣çα╕¡α╕ò - α╕Üα╕▒α╕Öα╕ùα╕╢α╕üα╕ùα╕╕α╕üα╕äα╕úα╕▒α╣ëα╕çα╕ùα╕╡α╣êα╕úα╕▒α╕Üα╣Çα╕éα╣ëα╕▓)
              </span>
            </div>
            <div
              class="
              min-h-32 p-4 rounded-lg border-2 border-dashed transition-all
              bg-slate-50 border-slate-300
            "
            >
              <div
                class="text-center text-slate-400 py-8"
              >
                <svg
                  class="lucide lucide-layers mx-auto mb-2 opacity-50"
                  fill="none"
                  height="32"
                  stroke="currentColor"
                  stroke-linecap="round"
                  stroke-linejoin="round"
                  stroke-width="2"
                  viewBox="0 0 24 24"
                  width="32"
                  xmlns="http://www.w3.org/2000/svg"
                >
                  <path
                    d="m12.83 2.18a2 2 0 0 0-1.66 0L2.6 6.08a1 1 0 0 0 0 1.83l8.58 3.91a2 2 0 0 0 1.66 0l8.58-3.9a1 1 0 0 0 0-1.83Z"
                  />
                  <path
                    d="m22 17.65-9.17 4.16a2 2 0 0 1-1.66 0L2 17.65"
                  />
                  <path
                    d="m22 12.65-9.17 4.16a2 2 0 0 1-1.66 0L2 12.65"
                  />
                </svg>
                <p
                  class="text-sm"
                >
                  α╕Ñα╕▓α╕üα╕ƒα╕┤α╕Ñα╕öα╣îα╕íα╕▓α╕ºα╕▓α╕çα╕ùα╕╡α╣êα╕Öα╕╡α╣ê...
                </p>
              </div>
            </div>
          </div>
        </div>
      </div>
    </div>
  </body>
</html>
 Γ¥» test/components/VisualSchemaDesigner.test.tsx:187:30
    185|             const lastCall = mockOnSchemaChange.mock.calls[mockOnSchemΓÇª
    186|             const schema = JSON.parse(lastCall);
    187|             expect(schema[0].key).toBeDefined();
       |                              ^
    188|             expect(schema[0].key).toMatch(/^[a-z0-9_]+$/);
    189|         });
 Γ¥» runWithExpensiveErrorDiagnosticsDisabled node_modules/@testing-library/dom/dist/config.js:47:12
 Γ¥» checkCallback node_modules/@testing-library/dom/dist/wait-for.js:124:77
 Γ¥» Timeout.checkRealTimersCallback node_modules/@testing-library/dom/dist/wait-for.js:118:16

ΓÄ»ΓÄ»ΓÄ»ΓÄ»ΓÄ»ΓÄ»ΓÄ»ΓÄ»ΓÄ»ΓÄ»ΓÄ»ΓÄ»ΓÄ»ΓÄ»ΓÄ»ΓÄ»ΓÄ»ΓÄ»ΓÄ»ΓÄ»ΓÄ»ΓÄ»ΓÄ»ΓÄ»[3/3]ΓÄ»


[2m Test Files [22m [1m[31m2 failed[39m[22m[90m (2)[39m
[2m      Tests [22m [1m[31m5 failed[39m[22m[2m | [22m[1m[32m12 passed[39m[22m[90m (17)[39m
[2m   Start at [22m 10:56:30
[2m   Duration [22m 3.52s

[1m[41m FAIL [49m[22m [31mTests failed. Watching for file changes...[39m
       [2mpress [22m[1mh[22m[2m to show help[22m[2m, [22m[2mpress [22m[1mq[22m[2m to quit[22m
c[3J[1m[44m RERUN [49m[22m [34m[2msrc/components/settings/VisualSchemaDesigner.tsx [22m[34mx2 [34m[39m
       [2m Filename pattern: [22m[34mschema-version-actions.test.ts, bulk-schema-actions.test.ts, VisualSchemaDesigner.test.tsx[39m

 [31mΓ¥»[39m test/actions/schema-version-actions.test.ts [2m([22m[2m8 tests[22m[2m | [22m[31m2 failed[39m[2m)[22m[32m 19[2mms[22m[39m
       [32mΓ£ô[39m should retrieve schema history for a category[32m 3[2mms[22m[39m
       [32mΓ£ô[39m should return empty array for category with no history[32m 0[2mms[22m[39m
[31m       [31m├ù[31m should create a new schema version[39m[32m 6[2mms[22m[39m
       [32mΓ£ô[39m should auto-increment version number[32m 1[2mms[22m[39m
       [32mΓ£ô[39m should revert to a previous version by creating a new version[32m 2[2mms[22m[39m
       [32mΓ£ô[39m should fail if target version does not exist[32m 1[2mms[22m[39m
[31m       [31m├ù[31m should compare two schema versions and return differences[39m[32m 3[2mms[22m[39m
       [32mΓ£ô[39m should detect removed fields[32m 0[2mms[22m[39m
 [31mΓ¥»[39m test/components/VisualSchemaDesigner.test.tsx [2m([22m[2m9 tests[22m[2m | [22m[31m3 failed[39m[2m)[22m[33m 3238[2mms[22m[39m
     [32mΓ£ô[39m should render field palette and drop zones[32m 38[2mms[22m[39m
[31m     [31m├ù[31m should add field to PRODUCT scope on drop[39m[33m 1029[2mms[22m[39m
     [32mΓ£ô[39m should load initial schema[32m 18[2mms[22m[39m
     [32mΓ£ô[39m should delete field when delete button clicked[32m 43[2mms[22m[39m
     [32mΓ£ô[39m should open property panel when field is selected[32m 18[2mms[22m[39m
     [32mΓ£ô[39m should update field properties[32m 26[2mms[22m[39m
[31m     [31m├ù[31m should emit schema changes on every update[39m[33m 1044[2mms[22m[39m
     [32mΓ£ô[39m should separate PRODUCT and LOT scope fields[32m 6[2mms[22m[39m
[31m     [31m├ù[31m should auto-generate field keys from labels[39m[33m 1011[2mms[22m[39m

ΓÄ»ΓÄ»ΓÄ»ΓÄ»ΓÄ»ΓÄ»ΓÄ» Failed Tests 3 ΓÄ»ΓÄ»ΓÄ»ΓÄ»ΓÄ»ΓÄ»ΓÄ»

 FAIL  test/components/VisualSchemaDesigner.test.tsx > VisualSchemaDesigner > should add field to PRODUCT scope on drop
AssertionError: expected 0 to be greater than 0

Ignored nodes: comments, script, style
<html>
  <head />
  <body>
    <div>
      <div
        class="flex gap-4"
      >
        <div
          class="flex-1 space-y-4"
        >
          <div
            data-testid="field-palette"
          >
            <button>
              Text Field
            </button>
            <button>
              Number Field
            </button>
            <button>
              Date Field
            </button>
          </div>
          <div
            class="bg-white border border-slate-200 rounded-xl p-4"
          >
            <div
              class="flex items-center gap-2 mb-3"
            >
              <svg
                class="lucide lucide-package text-indigo-600"
                fill="none"
                height="18"
                stroke="currentColor"
                stroke-linecap="round"
                stroke-linejoin="round"
                stroke-width="2"
                viewBox="0 0 24 24"
                width="18"
                xmlns="http://www.w3.org/2000/svg"
              >
                <path
                  d="m7.5 4.27 9 5.15"
                />
                <path
                  d="M21 8a2 2 0 0 0-1-1.73l-7-4a2 2 0 0 0-2 0l-7 4A2 2 0 0 0 3 8v8a2 2 0 0 0 1 1.73l7 4a2 2 0 0 0 2 0l7-4A2 2 0 0 0 21 16Z"
                />
                <path
                  d="m3.3 7 8.7 5 8.7-5"
                />
                <path
                  d="M12 22V12"
                />
              </svg>
              <h4
                class="font-bold text-slate-700"
              >
                PRODUCT Scope
              </h4>
              <span
                class="text-xs text-slate-500"
              >
                (α╕éα╣ëα╕¡α╕íα╕╣α╕Ñα╕¬α╕┤α╕Öα╕äα╣ëα╕▓ - α╕Üα╕▒α╕Öα╕ùα╕╢α╕üα╕äα╕úα╕▒α╣ëα╕çα╣Çα╕öα╕╡α╕óα╕º)
              </span>
            </div>
            <div
              class="
              min-h-32 p-4 rounded-lg border-2 border-dashed transition-all
              bg-slate-50 border-slate-300
            "
              data-testid="drop-zone-PRODUCT"
            >
              <div
                class="text-center text-slate-400 py-8"
              >
                <svg
                  class="lucide lucide-package mx-auto mb-2 opacity-50"
                  fill="none"
                  height="32"
                  stroke="currentColor"
                  stroke-linecap="round"
                  stroke-linejoin="round"
                  stroke-width="2"
                  viewBox="0 0 24 24"
                  width="32"
                  xmlns="http://www.w3.org/2000/svg"
                >
                  <path
                    d="m7.5 4.27 9 5.15"
                  />
                  <path
                    d="M21 8a2 2 0 0 0-1-1.73l-7-4a2 2 0 0 0-2 0l-7 4A2 2 0 0 0 3 8v8a2 2 0 0 0 1 1.73l7 4a2 2 0 0 0 2 0l7-4A2 2 0 0 0 21 16Z"
                  />
                  <path
                    d="m3.3 7 8.7 5 8.7-5"
                  />
                  <path
                    d="M12 22V12"
                  />
                </svg>
                <p
                  class="text-sm"
                >
                  α╕Ñα╕▓α╕üα╕ƒα╕┤α╕Ñα╕öα╣îα╕íα╕▓α╕ºα╕▓α╕çα╕ùα╕╡α╣êα╕Öα╕╡α╣ê...
                </p>
              </div>
            </div>
          </div>
          <div
            class="bg-white border border-slate-200 rounded-xl p-4"
          >
            <div
              class="flex items-center gap-2 mb-3"
            >
              <svg
                class="lucide lucide-layers text-emerald-600"
                fill="none"
                height="18"
                stroke="currentColor"
                stroke-linecap="round"
                stroke-linejoin="round"
                stroke-width="2"
                viewBox="0 0 24 24"
                width="18"
                xmlns="http://www.w3.org/2000/svg"
              >
                <path
                  d="m12.83 2.18a2 2 0 0 0-1.66 0L2.6 6.08a1 1 0 0 0 0 1.83l8.58 3.91a2 2 0 0 0 1.66 0l8.58-3.9a1 1 0 0 0 0-1.83Z"
                />
                <path
                  d="m22 17.65-9.17 4.16a2 2 0 0 1-1.66 0L2 17.65"
                />
                <path
                  d="m22 12.65-9.17 4.16a2 2 0 0 1-1.66 0L2 12.65"
                />
              </svg>
              <h4
                class="font-bold text-slate-700"
              >
                LOT Scope
              </h4>
              <span
                class="text-xs text-slate-500"
              >
                (α╕éα╣ëα╕¡α╕íα╕╣α╕Ñα╕Ñα╣çα╕¡α╕ò - α╕Üα╕▒α╕Öα╕ùα╕╢α╕üα╕ùα╕╕α╕üα╕äα╕úα╕▒α╣ëα╕çα╕ùα╕╡α╣êα╕úα╕▒α╕Üα╣Çα╕éα╣ëα╕▓)
              </span>
            </div>
            <div
              class="
              min-h-32 p-4 rounded-lg border-2 border-dashed transition-all
              bg-slate-50 border-slate-300
            "
              data-testid="drop-zone-LOT"
            >
              <div
                class="text-center text-slate-400 py-8"
              >
                <svg
                  class="lucide lucide-layers mx-auto mb-2 opacity-50"
                  fill="none"
                  height="32"
                  stroke="currentColor"
                  stroke-linecap="round"
                  stroke-linejoin="round"
                  stroke-width="2"
                  viewBox="0 0 24 24"
                  width="32"
                  xmlns="http://www.w3.org/2000/svg"
                >
                  <path
                    d="m12.83 2.18a2 2 0 0 0-1.66 0L2.6 6.08a1 1 0 0 0 0 1.83l8.58 3.91a2 2 0 0 0 1.66 0l8.58-3.9a1 1 0 0 0 0-1.83Z"
                  />
                  <path
                    d="m22 17.65-9.17 4.16a2 2 0 0 1-1.66 0L2 17.65"
                  />
                  <path
                    d="m22 12.65-9.17 4.16a2 2 0 0 1-1.66 0L2 12.65"
                  />
                </svg>
                <p
                  class="text-sm"
                >
                  α╕Ñα╕▓α╕üα╕ƒα╕┤α╕Ñα╕öα╣îα╕íα╕▓α╕ºα╕▓α╕çα╕ùα╕╡α╣êα╕Öα╕╡α╣ê...
                </p>
              </div>
            </div>
          </div>
        </div>
      </div>
    </div>
  </body>
</html>
 Γ¥» test/components/VisualSchemaDesigner.test.tsx:72:35
     70|             const lastCall = mockOnSchemaChange.mock.calls[mockOnSchemΓÇª
     71|             const schema = JSON.parse(lastCall);
     72|             expect(schema.length).toBeGreaterThan(0);
       |                                   ^
     73|         });
     74|     });
 Γ¥» runWithExpensiveErrorDiagnosticsDisabled node_modules/@testing-library/dom/dist/config.js:47:12
 Γ¥» checkCallback node_modules/@testing-library/dom/dist/wait-for.js:124:77
 Γ¥» Timeout.checkRealTimersCallback node_modules/@testing-library/dom/dist/wait-for.js:118:16

ΓÄ»ΓÄ»ΓÄ»ΓÄ»ΓÄ»ΓÄ»ΓÄ»ΓÄ»ΓÄ»ΓÄ»ΓÄ»ΓÄ»ΓÄ»ΓÄ»ΓÄ»ΓÄ»ΓÄ»ΓÄ»ΓÄ»ΓÄ»ΓÄ»ΓÄ»ΓÄ»ΓÄ»[1/3]ΓÄ»

 FAIL  test/components/VisualSchemaDesigner.test.tsx > VisualSchemaDesigner > should emit schema changes on every update
AssertionError: expected [] to have a length of 1 but got +0

Ignored nodes: comments, script, style
<html>
  <head />
  <body>
    <div>
      <div
        class="flex gap-4"
      >
        <div
          class="flex-1 space-y-4"
        >
          <div
            data-testid="field-palette"
          >
            <button>
              Text Field
            </button>
            <button>
              Number Field
            </button>
            <button>
              Date Field
            </button>
          </div>
          <div
            class="bg-white border border-slate-200 rounded-xl p-4"
          >
            <div
              class="flex items-center gap-2 mb-3"
            >
              <svg
                class="lucide lucide-package text-indigo-600"
                fill="none"
                height="18"
                stroke="currentColor"
                stroke-linecap="round"
                stroke-linejoin="round"
                stroke-width="2"
                viewBox="0 0 24 24"
                width="18"
                xmlns="http://www.w3.org/2000/svg"
              >
                <path
                  d="m7.5 4.27 9 5.15"
                />
                <path
                  d="M21 8a2 2 0 0 0-1-1.73l-7-4a2 2 0 0 0-2 0l-7 4A2 2 0 0 0 3 8v8a2 2 0 0 0 1 1.73l7 4a2 2 0 0 0 2 0l7-4A2 2 0 0 0 21 16Z"
                />
                <path
                  d="m3.3 7 8.7 5 8.7-5"
                />
                <path
                  d="M12 22V12"
                />
              </svg>
              <h4
                class="font-bold text-slate-700"
              >
                PRODUCT Scope
              </h4>
              <span
                class="text-xs text-slate-500"
              >
                (α╕éα╣ëα╕¡α╕íα╕╣α╕Ñα╕¬α╕┤α╕Öα╕äα╣ëα╕▓ - α╕Üα╕▒α╕Öα╕ùα╕╢α╕üα╕äα╕úα╕▒α╣ëα╕çα╣Çα╕öα╕╡α╕óα╕º)
              </span>
            </div>
            <div
              class="
              min-h-32 p-4 rounded-lg border-2 border-dashed transition-all
              bg-slate-50 border-slate-300
            "
              data-testid="drop-zone-PRODUCT"
            >
              <div
                class="text-center text-slate-400 py-8"
              >
                <svg
                  class="lucide lucide-package mx-auto mb-2 opacity-50"
                  fill="none"
                  height="32"
                  stroke="currentColor"
                  stroke-linecap="round"
                  stroke-linejoin="round"
                  stroke-width="2"
                  viewBox="0 0 24 24"
                  width="32"
                  xmlns="http://www.w3.org/2000/svg"
                >
                  <path
                    d="m7.5 4.27 9 5.15"
                  />
                  <path
                    d="M21 8a2 2 0 0 0-1-1.73l-7-4a2 2 0 0 0-2 0l-7 4A2 2 0 0 0 3 8v8a2 2 0 0 0 1 1.73l7 4a2 2 0 0 0 2 0l7-4A2 2 0 0 0 21 16Z"
                  />
                  <path
                    d="m3.3 7 8.7 5 8.7-5"
                  />
                  <path
                    d="M12 22V12"
                  />
                </svg>
                <p
                  class="text-sm"
                >
                  α╕Ñα╕▓α╕üα╕ƒα╕┤α╕Ñα╕öα╣îα╕íα╕▓α╕ºα╕▓α╕çα╕ùα╕╡α╣êα╕Öα╕╡α╣ê...
                </p>
              </div>
            </div>
          </div>
          <div
            class="bg-white border border-slate-200 rounded-xl p-4"
          >
            <div
              class="flex items-center gap-2 mb-3"
            >
              <svg
                class="lucide lucide-layers text-emerald-600"
                fill="none"
                height="18"
                stroke="currentColor"
                stroke-linecap="round"
                stroke-linejoin="round"
                stroke-width="2"
                viewBox="0 0 24 24"
                width="18"
                xmlns="http://www.w3.org/2000/svg"
              >
                <path
                  d="m12.83 2.18a2 2 0 0 0-1.66 0L2.6 6.08a1 1 0 0 0 0 1.83l8.58 3.91a2 2 0 0 0 1.66 0l8.58-3.9a1 1 0 0 0 0-1.83Z"
                />
                <path
                  d="m22 17.65-9.17 4.16a2 2 0 0 1-1.66 0L2 17.65"
                />
                <path
                  d="m22 12.65-9.17 4.16a2 2 0 0 1-1.66 0L2 12.65"
                />
              </svg>
              <h4
                class="font-bold text-slate-700"
              >
                LOT Scope
              </h4>
              <span
                class="text-xs text-slate-500"
              >
                (α╕éα╣ëα╕¡α╕íα╕╣α╕Ñα╕Ñα╣çα╕¡α╕ò - α╕Üα╕▒α╕Öα╕ùα╕╢α╕üα╕ùα╕╕α╕üα╕äα╕úα╕▒α╣ëα╕çα╕ùα╕╡α╣êα╕úα╕▒α╕Üα╣Çα╕éα╣ëα╕▓)
              </span>
            </div>
            <div
              class="
              min-h-32 p-4 rounded-lg border-2 border-dashed transition-all
              bg-slate-50 border-slate-300
            "
              data-testid="drop-zone-LOT"
            >
              <div
                class="text-center text-slate-400 py-8"
              >
                <svg
                  class="lucide lucide-layers mx-auto mb-2 opacity-50"
                  fill="none"
                  height="32"
                  stroke="currentColor"
                  stroke-linecap="round"
                  stroke-linejoin="round"
                  stroke-width="2"
                  viewBox="0 0 24 24"
                  width="32"
                  xmlns="http://www.w3.org/2000/svg"
                >
                  <path
                    d="m12.83 2.18a2 2 0 0 0-1.66 0L2.6 6.08a1 1 0 0 0 0 1.83l8.58 3.91a2 2 0 0 0 1.66 0l8.58-3.9a1 1 0 0 0 0-1.83Z"
                  />
                  <path
                    d="m22 17.65-9.17 4.16a2 2 0 0 1-1.66 0L2 17.65"
                  />
                  <path
                    d="m22 12.65-9.17 4.16a2 2 0 0 1-1.66 0L2 12.65"
                  />
                </svg>
                <p
                  class="text-sm"
                >
                  α╕Ñα╕▓α╕üα╕ƒα╕┤α╕Ñα╕öα╣îα╕íα╕▓α╕ºα╕▓α╕çα╕ùα╕╡α╣êα╕Öα╕╡α╣ê...
                </p>
              </div>
            </div>
          </div>
        </div>
      </div>
    </div>
  </body>
</html>

- Expected
+ Received

- 1
+ 0

 Γ¥» test/components/VisualSchemaDesigner.test.tsx:155:28
    153|             const lastCall = mockOnSchemaChange.mock.calls[mockOnSchemΓÇª
    154|             const schema = JSON.parse(lastCall);
    155|             expect(schema).toHaveLength(1);
       |                            ^
    156|             expect(schema[0].type).toBe('text');
    157|         });
 Γ¥» runWithExpensiveErrorDiagnosticsDisabled node_modules/@testing-library/dom/dist/config.js:47:12
 Γ¥» checkCallback node_modules/@testing-library/dom/dist/wait-for.js:124:77
 Γ¥» Timeout.checkRealTimersCallback node_modules/@testing-library/dom/dist/wait-for.js:118:16

ΓÄ»ΓÄ»ΓÄ»ΓÄ»ΓÄ»ΓÄ»ΓÄ»ΓÄ»ΓÄ»ΓÄ»ΓÄ»ΓÄ»ΓÄ»ΓÄ»ΓÄ»ΓÄ»ΓÄ»ΓÄ»ΓÄ»ΓÄ»ΓÄ»ΓÄ»ΓÄ»ΓÄ»[2/3]ΓÄ»

 FAIL  test/components/VisualSchemaDesigner.test.tsx > VisualSchemaDesigner > should auto-generate field keys from labels
TypeError: Cannot read properties of undefined (reading 'key')

Ignored nodes: comments, script, style
<html>
  <head />
  <body>
    <div>
      <div
        class="flex gap-4"
      >
        <div
          class="flex-1 space-y-4"
        >
          <div
            data-testid="field-palette"
          >
            <button>
              Text Field
            </button>
            <button>
              Number Field
            </button>
            <button>
              Date Field
            </button>
          </div>
          <div
            class="bg-white border border-slate-200 rounded-xl p-4"
          >
            <div
              class="flex items-center gap-2 mb-3"
            >
              <svg
                class="lucide lucide-package text-indigo-600"
                fill="none"
                height="18"
                stroke="currentColor"
                stroke-linecap="round"
                stroke-linejoin="round"
                stroke-width="2"
                viewBox="0 0 24 24"
                width="18"
                xmlns="http://www.w3.org/2000/svg"
              >
                <path
                  d="m7.5 4.27 9 5.15"
                />
                <path
                  d="M21 8a2 2 0 0 0-1-1.73l-7-4a2 2 0 0 0-2 0l-7 4A2 2 0 0 0 3 8v8a2 2 0 0 0 1 1.73l7 4a2 2 0 0 0 2 0l7-4A2 2 0 0 0 21 16Z"
                />
                <path
                  d="m3.3 7 8.7 5 8.7-5"
                />
                <path
                  d="M12 22V12"
                />
              </svg>
              <h4
                class="font-bold text-slate-700"
              >
                PRODUCT Scope
              </h4>
              <span
                class="text-xs text-slate-500"
              >
                (α╕éα╣ëα╕¡α╕íα╕╣α╕Ñα╕¬α╕┤α╕Öα╕äα╣ëα╕▓ - α╕Üα╕▒α╕Öα╕ùα╕╢α╕üα╕äα╕úα╕▒α╣ëα╕çα╣Çα╕öα╕╡α╕óα╕º)
              </span>
            </div>
            <div
              class="
              min-h-32 p-4 rounded-lg border-2 border-dashed transition-all
              bg-slate-50 border-slate-300
            "
              data-testid="drop-zone-PRODUCT"
            >
              <div
                class="text-center text-slate-400 py-8"
              >
                <svg
                  class="lucide lucide-package mx-auto mb-2 opacity-50"
                  fill="none"
                  height="32"
                  stroke="currentColor"
                  stroke-linecap="round"
                  stroke-linejoin="round"
                  stroke-width="2"
                  viewBox="0 0 24 24"
                  width="32"
                  xmlns="http://www.w3.org/2000/svg"
                >
                  <path
                    d="m7.5 4.27 9 5.15"
                  />
                  <path
                    d="M21 8a2 2 0 0 0-1-1.73l-7-4a2 2 0 0 0-2 0l-7 4A2 2 0 0 0 3 8v8a2 2 0 0 0 1 1.73l7 4a2 2 0 0 0 2 0l7-4A2 2 0 0 0 21 16Z"
                  />
                  <path
                    d="m3.3 7 8.7 5 8.7-5"
                  />
                  <path
                    d="M12 22V12"
                  />
                </svg>
                <p
                  class="text-sm"
                >
                  α╕Ñα╕▓α╕üα╕ƒα╕┤α╕Ñα╕öα╣îα╕íα╕▓α╕ºα╕▓α╕çα╕ùα╕╡α╣êα╕Öα╕╡α╣ê...
                </p>
              </div>
            </div>
          </div>
          <div
            class="bg-white border border-slate-200 rounded-xl p-4"
          >
            <div
              class="flex items-center gap-2 mb-3"
            >
              <svg
                class="lucide lucide-layers text-emerald-600"
                fill="none"
                height="18"
                stroke="currentColor"
                stroke-linecap="round"
                stroke-linejoin="round"
                stroke-width="2"
                viewBox="0 0 24 24"
                width="18"
                xmlns="http://www.w3.org/2000/svg"
              >
                <path
                  d="m12.83 2.18a2 2 0 0 0-1.66 0L2.6 6.08a1 1 0 0 0 0 1.83l8.58 3.91a2 2 0 0 0 1.66 0l8.58-3.9a1 1 0 0 0 0-1.83Z"
                />
                <path
                  d="m22 17.65-9.17 4.16a2 2 0 0 1-1.66 0L2 17.65"
                />
                <path
                  d="m22 12.65-9.17 4.16a2 2 0 0 1-1.66 0L2 12.65"
                />
              </svg>
              <h4
                class="font-bold text-slate-700"
              >
                LOT Scope
              </h4>
              <span
                class="text-xs text-slate-500"
              >
                (α╕éα╣ëα╕¡α╕íα╕╣α╕Ñα╕Ñα╣çα╕¡α╕ò - α╕Üα╕▒α╕Öα╕ùα╕╢α╕üα╕ùα╕╕α╕üα╕äα╕úα╕▒α╣ëα╕çα╕ùα╕╡α╣êα╕úα╕▒α╕Üα╣Çα╕éα╣ëα╕▓)
              </span>
            </div>
            <div
              class="
              min-h-32 p-4 rounded-lg border-2 border-dashed transition-all
              bg-slate-50 border-slate-300
            "
              data-testid="drop-zone-LOT"
            >
              <div
                class="text-center text-slate-400 py-8"
              >
                <svg
                  class="lucide lucide-layers mx-auto mb-2 opacity-50"
                  fill="none"
                  height="32"
                  stroke="currentColor"
                  stroke-linecap="round"
                  stroke-linejoin="round"
                  stroke-width="2"
                  viewBox="0 0 24 24"
                  width="32"
                  xmlns="http://www.w3.org/2000/svg"
                >
                  <path
                    d="m12.83 2.18a2 2 0 0 0-1.66 0L2.6 6.08a1 1 0 0 0 0 1.83l8.58 3.91a2 2 0 0 0 1.66 0l8.58-3.9a1 1 0 0 0 0-1.83Z"
                  />
                  <path
                    d="m22 17.65-9.17 4.16a2 2 0 0 1-1.66 0L2 17.65"
                  />
                  <path
                    d="m22 12.65-9.17 4.16a2 2 0 0 1-1.66 0L2 12.65"
                  />
                </svg>
                <p
                  class="text-sm"
                >
                  α╕Ñα╕▓α╕üα╕ƒα╕┤α╕Ñα╕öα╣îα╕íα╕▓α╕ºα╕▓α╕çα╕ùα╕╡α╣êα╕Öα╕╡α╣ê...
                </p>
              </div>
            </div>
          </div>
        </div>
      </div>
    </div>
  </body>
</html>
 Γ¥» test/components/VisualSchemaDesigner.test.tsx:187:30
    185|             const lastCall = mockOnSchemaChange.mock.calls[mockOnSchemΓÇª
    186|             const schema = JSON.parse(lastCall);
    187|             expect(schema[0].key).toBeDefined();
       |                              ^
    188|             expect(schema[0].key).toMatch(/^[a-z0-9_]+$/);
    189|         });
 Γ¥» runWithExpensiveErrorDiagnosticsDisabled node_modules/@testing-library/dom/dist/config.js:47:12
 Γ¥» checkCallback node_modules/@testing-library/dom/dist/wait-for.js:124:77
 Γ¥» Timeout.checkRealTimersCallback node_modules/@testing-library/dom/dist/wait-for.js:118:16

ΓÄ»ΓÄ»ΓÄ»ΓÄ»ΓÄ»ΓÄ»ΓÄ»ΓÄ»ΓÄ»ΓÄ»ΓÄ»ΓÄ»ΓÄ»ΓÄ»ΓÄ»ΓÄ»ΓÄ»ΓÄ»ΓÄ»ΓÄ»ΓÄ»ΓÄ»ΓÄ»ΓÄ»[3/3]ΓÄ»


[2m Test Files [22m [1m[31m2 failed[39m[22m[90m (2)[39m
[2m      Tests [22m [1m[31m5 failed[39m[22m[2m | [22m[1m[32m12 passed[39m[22m[90m (17)[39m
[2m   Start at [22m 10:58:30
[2m   Duration [22m 3.77s

[1m[41m FAIL [49m[22m [31mTests failed. Watching for file changes...[39m
       [2mpress [22m[1mh[22m[2m to show help[22m[2m, [22m[2mpress [22m[1mq[22m[2m to quit[22m
c[3J[1m[44m RERUN [49m[22m [34m[2msrc/components/settings/VisualSchemaDesigner.tsx [22m[34mx3 [34m[39m
       [2m Filename pattern: [22m[34mschema-version-actions.test.ts, bulk-schema-actions.test.ts, VisualSchemaDesigner.test.tsx[39m

 [31mΓ¥»[39m test/actions/schema-version-actions.test.ts [2m([22m[2m8 tests[22m[2m | [22m[31m2 failed[39m[2m)[22m[32m 19[2mms[22m[39m
       [32mΓ£ô[39m should retrieve schema history for a category[32m 3[2mms[22m[39m
       [32mΓ£ô[39m should return empty array for category with no history[32m 0[2mms[22m[39m
[31m       [31m├ù[31m should create a new schema version[39m[32m 6[2mms[22m[39m
       [32mΓ£ô[39m should auto-increment version number[32m 1[2mms[22m[39m
       [32mΓ£ô[39m should revert to a previous version by creating a new version[32m 2[2mms[22m[39m
       [32mΓ£ô[39m should fail if target version does not exist[32m 1[2mms[22m[39m
[31m       [31m├ù[31m should compare two schema versions and return differences[39m[32m 3[2mms[22m[39m
       [32mΓ£ô[39m should detect removed fields[32m 0[2mms[22m[39m
 [31mΓ¥»[39m test/components/VisualSchemaDesigner.test.tsx [2m([22m[2m9 tests[22m[2m | [22m[31m3 failed[39m[2m)[22m[33m 3281[2mms[22m[39m
     [32mΓ£ô[39m should render field palette and drop zones[32m 31[2mms[22m[39m
[31m     [31m├ù[31m should add field to PRODUCT scope on drop[39m[33m 1053[2mms[22m[39m
     [32mΓ£ô[39m should load initial schema[32m 32[2mms[22m[39m
     [32mΓ£ô[39m should delete field when delete button clicked[32m 37[2mms[22m[39m
     [32mΓ£ô[39m should open property panel when field is selected[32m 17[2mms[22m[39m
     [32mΓ£ô[39m should update field properties[32m 16[2mms[22m[39m
[31m     [31m├ù[31m should emit schema changes on every update[39m[33m 1026[2mms[22m[39m
     [32mΓ£ô[39m should separate PRODUCT and LOT scope fields[32m 25[2mms[22m[39m
[31m     [31m├ù[31m should auto-generate field keys from labels[39m[33m 1041[2mms[22m[39m

ΓÄ»ΓÄ»ΓÄ»ΓÄ»ΓÄ»ΓÄ»ΓÄ» Failed Tests 3 ΓÄ»ΓÄ»ΓÄ»ΓÄ»ΓÄ»ΓÄ»ΓÄ»

 FAIL  test/components/VisualSchemaDesigner.test.tsx > VisualSchemaDesigner > should add field to PRODUCT scope on drop
AssertionError: expected 0 to be greater than 0

Ignored nodes: comments, script, style
<html>
  <head />
  <body>
    <div>
      <div
        class="flex gap-4"
      >
        <div
          class="flex-1 space-y-4"
        >
          <div
            data-testid="field-palette"
          >
            <button>
              Text Field
            </button>
            <button>
              Number Field
            </button>
            <button>
              Date Field
            </button>
          </div>
          <div
            class="bg-white border border-slate-200 rounded-xl p-4"
          >
            <div
              class="flex items-center gap-2 mb-3"
            >
              <svg
                class="lucide lucide-package text-indigo-600"
                fill="none"
                height="18"
                stroke="currentColor"
                stroke-linecap="round"
                stroke-linejoin="round"
                stroke-width="2"
                viewBox="0 0 24 24"
                width="18"
                xmlns="http://www.w3.org/2000/svg"
              >
                <path
                  d="m7.5 4.27 9 5.15"
                />
                <path
                  d="M21 8a2 2 0 0 0-1-1.73l-7-4a2 2 0 0 0-2 0l-7 4A2 2 0 0 0 3 8v8a2 2 0 0 0 1 1.73l7 4a2 2 0 0 0 2 0l7-4A2 2 0 0 0 21 16Z"
                />
                <path
                  d="m3.3 7 8.7 5 8.7-5"
                />
                <path
                  d="M12 22V12"
                />
              </svg>
              <h4
                class="font-bold text-slate-700"
              >
                PRODUCT Scope
              </h4>
              <span
                class="text-xs text-slate-500"
              >
                (α╕éα╣ëα╕¡α╕íα╕╣α╕Ñα╕¬α╕┤α╕Öα╕äα╣ëα╕▓ - α╕Üα╕▒α╕Öα╕ùα╕╢α╕üα╕äα╕úα╕▒α╣ëα╕çα╣Çα╕öα╕╡α╕óα╕º)
              </span>
            </div>
            <div
              class="
              min-h-32 p-4 rounded-lg border-2 border-dashed transition-all
              bg-slate-50 border-slate-300
            "
              data-testid="drop-zone-PRODUCT"
            >
              <div
                class="text-center text-slate-400 py-8"
              >
                <svg
                  class="lucide lucide-package mx-auto mb-2 opacity-50"
                  fill="none"
                  height="32"
                  stroke="currentColor"
                  stroke-linecap="round"
                  stroke-linejoin="round"
                  stroke-width="2"
                  viewBox="0 0 24 24"
                  width="32"
                  xmlns="http://www.w3.org/2000/svg"
                >
                  <path
                    d="m7.5 4.27 9 5.15"
                  />
                  <path
                    d="M21 8a2 2 0 0 0-1-1.73l-7-4a2 2 0 0 0-2 0l-7 4A2 2 0 0 0 3 8v8a2 2 0 0 0 1 1.73l7 4a2 2 0 0 0 2 0l7-4A2 2 0 0 0 21 16Z"
                  />
                  <path
                    d="m3.3 7 8.7 5 8.7-5"
                  />
                  <path
                    d="M12 22V12"
                  />
                </svg>
                <p
                  class="text-sm"
                >
                  α╕Ñα╕▓α╕üα╕ƒα╕┤α╕Ñα╕öα╣îα╕íα╕▓α╕ºα╕▓α╕çα╕ùα╕╡α╣êα╕Öα╕╡α╣ê...
                </p>
              </div>
            </div>
          </div>
          <div
            class="bg-white border border-slate-200 rounded-xl p-4"
          >
            <div
              class="flex items-center gap-2 mb-3"
            >
              <svg
                class="lucide lucide-layers text-emerald-600"
                fill="none"
                height="18"
                stroke="currentColor"
                stroke-linecap="round"
                stroke-linejoin="round"
                stroke-width="2"
                viewBox="0 0 24 24"
                width="18"
                xmlns="http://www.w3.org/2000/svg"
              >
                <path
                  d="m12.83 2.18a2 2 0 0 0-1.66 0L2.6 6.08a1 1 0 0 0 0 1.83l8.58 3.91a2 2 0 0 0 1.66 0l8.58-3.9a1 1 0 0 0 0-1.83Z"
                />
                <path
                  d="m22 17.65-9.17 4.16a2 2 0 0 1-1.66 0L2 17.65"
                />
                <path
                  d="m22 12.65-9.17 4.16a2 2 0 0 1-1.66 0L2 12.65"
                />
              </svg>
              <h4
                class="font-bold text-slate-700"
              >
                LOT Scope
              </h4>
              <span
                class="text-xs text-slate-500"
              >
                (α╕éα╣ëα╕¡α╕íα╕╣α╕Ñα╕Ñα╣çα╕¡α╕ò - α╕Üα╕▒α╕Öα╕ùα╕╢α╕üα╕ùα╕╕α╕üα╕äα╕úα╕▒α╣ëα╕çα╕ùα╕╡α╣êα╕úα╕▒α╕Üα╣Çα╕éα╣ëα╕▓)
              </span>
            </div>
            <div
              class="
              min-h-32 p-4 rounded-lg border-2 border-dashed transition-all
              bg-slate-50 border-slate-300
            "
              data-testid="drop-zone-LOT"
            >
              <div
                class="text-center text-slate-400 py-8"
              >
                <svg
                  class="lucide lucide-layers mx-auto mb-2 opacity-50"
                  fill="none"
                  height="32"
                  stroke="currentColor"
                  stroke-linecap="round"
                  stroke-linejoin="round"
                  stroke-width="2"
                  viewBox="0 0 24 24"
                  width="32"
                  xmlns="http://www.w3.org/2000/svg"
                >
                  <path
                    d="m12.83 2.18a2 2 0 0 0-1.66 0L2.6 6.08a1 1 0 0 0 0 1.83l8.58 3.91a2 2 0 0 0 1.66 0l8.58-3.9a1 1 0 0 0 0-1.83Z"
                  />
                  <path
                    d="m22 17.65-9.17 4.16a2 2 0 0 1-1.66 0L2 17.65"
                  />
                  <path
                    d="m22 12.65-9.17 4.16a2 2 0 0 1-1.66 0L2 12.65"
                  />
                </svg>
                <p
                  class="text-sm"
                >
                  α╕Ñα╕▓α╕üα╕ƒα╕┤α╕Ñα╕öα╣îα╕íα╕▓α╕ºα╕▓α╕çα╕ùα╕╡α╣êα╕Öα╕╡α╣ê...
                </p>
              </div>
            </div>
          </div>
        </div>
      </div>
    </div>
  </body>
</html>
 Γ¥» test/components/VisualSchemaDesigner.test.tsx:72:35
     70|             const lastCall = mockOnSchemaChange.mock.calls[mockOnSchemΓÇª
     71|             const schema = JSON.parse(lastCall);
     72|             expect(schema.length).toBeGreaterThan(0);
       |                                   ^
     73|         });
     74|     });
 Γ¥» runWithExpensiveErrorDiagnosticsDisabled node_modules/@testing-library/dom/dist/config.js:47:12
 Γ¥» checkCallback node_modules/@testing-library/dom/dist/wait-for.js:124:77
 Γ¥» Timeout.checkRealTimersCallback node_modules/@testing-library/dom/dist/wait-for.js:118:16

ΓÄ»ΓÄ»ΓÄ»ΓÄ»ΓÄ»ΓÄ»ΓÄ»ΓÄ»ΓÄ»ΓÄ»ΓÄ»ΓÄ»ΓÄ»ΓÄ»ΓÄ»ΓÄ»ΓÄ»ΓÄ»ΓÄ»ΓÄ»ΓÄ»ΓÄ»ΓÄ»ΓÄ»[1/3]ΓÄ»

 FAIL  test/components/VisualSchemaDesigner.test.tsx > VisualSchemaDesigner > should emit schema changes on every update
AssertionError: expected [] to have a length of 1 but got +0

Ignored nodes: comments, script, style
<html>
  <head />
  <body>
    <div>
      <div
        class="flex gap-4"
      >
        <div
          class="flex-1 space-y-4"
        >
          <div
            data-testid="field-palette"
          >
            <button>
              Text Field
            </button>
            <button>
              Number Field
            </button>
            <button>
              Date Field
            </button>
          </div>
          <div
            class="bg-white border border-slate-200 rounded-xl p-4"
          >
            <div
              class="flex items-center gap-2 mb-3"
            >
              <svg
                class="lucide lucide-package text-indigo-600"
                fill="none"
                height="18"
                stroke="currentColor"
                stroke-linecap="round"
                stroke-linejoin="round"
                stroke-width="2"
                viewBox="0 0 24 24"
                width="18"
                xmlns="http://www.w3.org/2000/svg"
              >
                <path
                  d="m7.5 4.27 9 5.15"
                />
                <path
                  d="M21 8a2 2 0 0 0-1-1.73l-7-4a2 2 0 0 0-2 0l-7 4A2 2 0 0 0 3 8v8a2 2 0 0 0 1 1.73l7 4a2 2 0 0 0 2 0l7-4A2 2 0 0 0 21 16Z"
                />
                <path
                  d="m3.3 7 8.7 5 8.7-5"
                />
                <path
                  d="M12 22V12"
                />
              </svg>
              <h4
                class="font-bold text-slate-700"
              >
                PRODUCT Scope
              </h4>
              <span
                class="text-xs text-slate-500"
              >
                (α╕éα╣ëα╕¡α╕íα╕╣α╕Ñα╕¬α╕┤α╕Öα╕äα╣ëα╕▓ - α╕Üα╕▒α╕Öα╕ùα╕╢α╕üα╕äα╕úα╕▒α╣ëα╕çα╣Çα╕öα╕╡α╕óα╕º)
              </span>
            </div>
            <div
              class="
              min-h-32 p-4 rounded-lg border-2 border-dashed transition-all
              bg-slate-50 border-slate-300
            "
              data-testid="drop-zone-PRODUCT"
            >
              <div
                class="text-center text-slate-400 py-8"
              >
                <svg
                  class="lucide lucide-package mx-auto mb-2 opacity-50"
                  fill="none"
                  height="32"
                  stroke="currentColor"
                  stroke-linecap="round"
                  stroke-linejoin="round"
                  stroke-width="2"
                  viewBox="0 0 24 24"
                  width="32"
                  xmlns="http://www.w3.org/2000/svg"
                >
                  <path
                    d="m7.5 4.27 9 5.15"
                  />
                  <path
                    d="M21 8a2 2 0 0 0-1-1.73l-7-4a2 2 0 0 0-2 0l-7 4A2 2 0 0 0 3 8v8a2 2 0 0 0 1 1.73l7 4a2 2 0 0 0 2 0l7-4A2 2 0 0 0 21 16Z"
                  />
                  <path
                    d="m3.3 7 8.7 5 8.7-5"
                  />
                  <path
                    d="M12 22V12"
                  />
                </svg>
                <p
                  class="text-sm"
                >
                  α╕Ñα╕▓α╕üα╕ƒα╕┤α╕Ñα╕öα╣îα╕íα╕▓α╕ºα╕▓α╕çα╕ùα╕╡α╣êα╕Öα╕╡α╣ê...
                </p>
              </div>
            </div>
          </div>
          <div
            class="bg-white border border-slate-200 rounded-xl p-4"
          >
            <div
              class="flex items-center gap-2 mb-3"
            >
              <svg
                class="lucide lucide-layers text-emerald-600"
                fill="none"
                height="18"
                stroke="currentColor"
                stroke-linecap="round"
                stroke-linejoin="round"
                stroke-width="2"
                viewBox="0 0 24 24"
                width="18"
                xmlns="http://www.w3.org/2000/svg"
              >
                <path
                  d="m12.83 2.18a2 2 0 0 0-1.66 0L2.6 6.08a1 1 0 0 0 0 1.83l8.58 3.91a2 2 0 0 0 1.66 0l8.58-3.9a1 1 0 0 0 0-1.83Z"
                />
                <path
                  d="m22 17.65-9.17 4.16a2 2 0 0 1-1.66 0L2 17.65"
                />
                <path
                  d="m22 12.65-9.17 4.16a2 2 0 0 1-1.66 0L2 12.65"
                />
              </svg>
              <h4
                class="font-bold text-slate-700"
              >
                LOT Scope
              </h4>
              <span
                class="text-xs text-slate-500"
              >
                (α╕éα╣ëα╕¡α╕íα╕╣α╕Ñα╕Ñα╣çα╕¡α╕ò - α╕Üα╕▒α╕Öα╕ùα╕╢α╕üα╕ùα╕╕α╕üα╕äα╕úα╕▒α╣ëα╕çα╕ùα╕╡α╣êα╕úα╕▒α╕Üα╣Çα╕éα╣ëα╕▓)
              </span>
            </div>
            <div
              class="
              min-h-32 p-4 rounded-lg border-2 border-dashed transition-all
              bg-slate-50 border-slate-300
            "
              data-testid="drop-zone-LOT"
            >
              <div
                class="text-center text-slate-400 py-8"
              >
                <svg
                  class="lucide lucide-layers mx-auto mb-2 opacity-50"
                  fill="none"
                  height="32"
                  stroke="currentColor"
                  stroke-linecap="round"
                  stroke-linejoin="round"
                  stroke-width="2"
                  viewBox="0 0 24 24"
                  width="32"
                  xmlns="http://www.w3.org/2000/svg"
                >
                  <path
                    d="m12.83 2.18a2 2 0 0 0-1.66 0L2.6 6.08a1 1 0 0 0 0 1.83l8.58 3.91a2 2 0 0 0 1.66 0l8.58-3.9a1 1 0 0 0 0-1.83Z"
                  />
                  <path
                    d="m22 17.65-9.17 4.16a2 2 0 0 1-1.66 0L2 17.65"
                  />
                  <path
                    d="m22 12.65-9.17 4.16a2 2 0 0 1-1.66 0L2 12.65"
                  />
                </svg>
                <p
                  class="text-sm"
                >
                  α╕Ñα╕▓α╕üα╕ƒα╕┤α╕Ñα╕öα╣îα╕íα╕▓α╕ºα╕▓α╕çα╕ùα╕╡α╣êα╕Öα╕╡α╣ê...
                </p>
              </div>
            </div>
          </div>
        </div>
      </div>
    </div>
  </body>
</html>

- Expected
+ Received

- 1
+ 0

 Γ¥» test/components/VisualSchemaDesigner.test.tsx:155:28
    153|             const lastCall = mockOnSchemaChange.mock.calls[mockOnSchemΓÇª
    154|             const schema = JSON.parse(lastCall);
    155|             expect(schema).toHaveLength(1);
       |                            ^
    156|             expect(schema[0].type).toBe('text');
    157|         });
 Γ¥» runWithExpensiveErrorDiagnosticsDisabled node_modules/@testing-library/dom/dist/config.js:47:12
 Γ¥» checkCallback node_modules/@testing-library/dom/dist/wait-for.js:124:77
 Γ¥» Timeout.checkRealTimersCallback node_modules/@testing-library/dom/dist/wait-for.js:118:16

ΓÄ»ΓÄ»ΓÄ»ΓÄ»ΓÄ»ΓÄ»ΓÄ»ΓÄ»ΓÄ»ΓÄ»ΓÄ»ΓÄ»ΓÄ»ΓÄ»ΓÄ»ΓÄ»ΓÄ»ΓÄ»ΓÄ»ΓÄ»ΓÄ»ΓÄ»ΓÄ»ΓÄ»[2/3]ΓÄ»

 FAIL  test/components/VisualSchemaDesigner.test.tsx > VisualSchemaDesigner > should auto-generate field keys from labels
TypeError: Cannot read properties of undefined (reading 'key')

Ignored nodes: comments, script, style
<html>
  <head />
  <body>
    <div>
      <div
        class="flex gap-4"
      >
        <div
          class="flex-1 space-y-4"
        >
          <div
            data-testid="field-palette"
          >
            <button>
              Text Field
            </button>
            <button>
              Number Field
            </button>
            <button>
              Date Field
            </button>
          </div>
          <div
            class="bg-white border border-slate-200 rounded-xl p-4"
          >
            <div
              class="flex items-center gap-2 mb-3"
            >
              <svg
                class="lucide lucide-package text-indigo-600"
                fill="none"
                height="18"
                stroke="currentColor"
                stroke-linecap="round"
                stroke-linejoin="round"
                stroke-width="2"
                viewBox="0 0 24 24"
                width="18"
                xmlns="http://www.w3.org/2000/svg"
              >
                <path
                  d="m7.5 4.27 9 5.15"
                />
                <path
                  d="M21 8a2 2 0 0 0-1-1.73l-7-4a2 2 0 0 0-2 0l-7 4A2 2 0 0 0 3 8v8a2 2 0 0 0 1 1.73l7 4a2 2 0 0 0 2 0l7-4A2 2 0 0 0 21 16Z"
                />
                <path
                  d="m3.3 7 8.7 5 8.7-5"
                />
                <path
                  d="M12 22V12"
                />
              </svg>
              <h4
                class="font-bold text-slate-700"
              >
                PRODUCT Scope
              </h4>
              <span
                class="text-xs text-slate-500"
              >
                (α╕éα╣ëα╕¡α╕íα╕╣α╕Ñα╕¬α╕┤α╕Öα╕äα╣ëα╕▓ - α╕Üα╕▒α╕Öα╕ùα╕╢α╕üα╕äα╕úα╕▒α╣ëα╕çα╣Çα╕öα╕╡α╕óα╕º)
              </span>
            </div>
            <div
              class="
              min-h-32 p-4 rounded-lg border-2 border-dashed transition-all
              bg-slate-50 border-slate-300
            "
              data-testid="drop-zone-PRODUCT"
            >
              <div
                class="text-center text-slate-400 py-8"
              >
                <svg
                  class="lucide lucide-package mx-auto mb-2 opacity-50"
                  fill="none"
                  height="32"
                  stroke="currentColor"
                  stroke-linecap="round"
                  stroke-linejoin="round"
                  stroke-width="2"
                  viewBox="0 0 24 24"
                  width="32"
                  xmlns="http://www.w3.org/2000/svg"
                >
                  <path
                    d="m7.5 4.27 9 5.15"
                  />
                  <path
                    d="M21 8a2 2 0 0 0-1-1.73l-7-4a2 2 0 0 0-2 0l-7 4A2 2 0 0 0 3 8v8a2 2 0 0 0 1 1.73l7 4a2 2 0 0 0 2 0l7-4A2 2 0 0 0 21 16Z"
                  />
                  <path
                    d="m3.3 7 8.7 5 8.7-5"
                  />
                  <path
                    d="M12 22V12"
                  />
                </svg>
                <p
                  class="text-sm"
                >
                  α╕Ñα╕▓α╕üα╕ƒα╕┤α╕Ñα╕öα╣îα╕íα╕▓α╕ºα╕▓α╕çα╕ùα╕╡α╣êα╕Öα╕╡α╣ê...
                </p>
              </div>
            </div>
          </div>
          <div
            class="bg-white border border-slate-200 rounded-xl p-4"
          >
            <div
              class="flex items-center gap-2 mb-3"
            >
              <svg
                class="lucide lucide-layers text-emerald-600"
                fill="none"
                height="18"
                stroke="currentColor"
                stroke-linecap="round"
                stroke-linejoin="round"
                stroke-width="2"
                viewBox="0 0 24 24"
                width="18"
                xmlns="http://www.w3.org/2000/svg"
              >
                <path
                  d="m12.83 2.18a2 2 0 0 0-1.66 0L2.6 6.08a1 1 0 0 0 0 1.83l8.58 3.91a2 2 0 0 0 1.66 0l8.58-3.9a1 1 0 0 0 0-1.83Z"
                />
                <path
                  d="m22 17.65-9.17 4.16a2 2 0 0 1-1.66 0L2 17.65"
                />
                <path
                  d="m22 12.65-9.17 4.16a2 2 0 0 1-1.66 0L2 12.65"
                />
              </svg>
              <h4
                class="font-bold text-slate-700"
              >
                LOT Scope
              </h4>
              <span
                class="text-xs text-slate-500"
              >
                (α╕éα╣ëα╕¡α╕íα╕╣α╕Ñα╕Ñα╣çα╕¡α╕ò - α╕Üα╕▒α╕Öα╕ùα╕╢α╕üα╕ùα╕╕α╕üα╕äα╕úα╕▒α╣ëα╕çα╕ùα╕╡α╣êα╕úα╕▒α╕Üα╣Çα╕éα╣ëα╕▓)
              </span>
            </div>
            <div
              class="
              min-h-32 p-4 rounded-lg border-2 border-dashed transition-all
              bg-slate-50 border-slate-300
            "
              data-testid="drop-zone-LOT"
            >
              <div
                class="text-center text-slate-400 py-8"
              >
                <svg
                  class="lucide lucide-layers mx-auto mb-2 opacity-50"
                  fill="none"
                  height="32"
                  stroke="currentColor"
                  stroke-linecap="round"
                  stroke-linejoin="round"
                  stroke-width="2"
                  viewBox="0 0 24 24"
                  width="32"
                  xmlns="http://www.w3.org/2000/svg"
                >
                  <path
                    d="m12.83 2.18a2 2 0 0 0-1.66 0L2.6 6.08a1 1 0 0 0 0 1.83l8.58 3.91a2 2 0 0 0 1.66 0l8.58-3.9a1 1 0 0 0 0-1.83Z"
                  />
                  <path
                    d="m22 17.65-9.17 4.16a2 2 0 0 1-1.66 0L2 17.65"
                  />
                  <path
                    d="m22 12.65-9.17 4.16a2 2 0 0 1-1.66 0L2 12.65"
                  />
                </svg>
                <p
                  class="text-sm"
                >
                  α╕Ñα╕▓α╕üα╕ƒα╕┤α╕Ñα╕öα╣îα╕íα╕▓α╕ºα╕▓α╕çα╕ùα╕╡α╣êα╕Öα╕╡α╣ê...
                </p>
              </div>
            </div>
          </div>
        </div>
      </div>
    </div>
  </body>
</html>
 Γ¥» test/components/VisualSchemaDesigner.test.tsx:187:30
    185|             const lastCall = mockOnSchemaChange.mock.calls[mockOnSchemΓÇª
    186|             const schema = JSON.parse(lastCall);
    187|             expect(schema[0].key).toBeDefined();
       |                              ^
    188|             expect(schema[0].key).toMatch(/^[a-z0-9_]+$/);
    189|         });
 Γ¥» runWithExpensiveErrorDiagnosticsDisabled node_modules/@testing-library/dom/dist/config.js:47:12
 Γ¥» checkCallback node_modules/@testing-library/dom/dist/wait-for.js:124:77
 Γ¥» Timeout.checkRealTimersCallback node_modules/@testing-library/dom/dist/wait-for.js:118:16

ΓÄ»ΓÄ»ΓÄ»ΓÄ»ΓÄ»ΓÄ»ΓÄ»ΓÄ»ΓÄ»ΓÄ»ΓÄ»ΓÄ»ΓÄ»ΓÄ»ΓÄ»ΓÄ»ΓÄ»ΓÄ»ΓÄ»ΓÄ»ΓÄ»ΓÄ»ΓÄ»ΓÄ»[3/3]ΓÄ»


[2m Test Files [22m [1m[31m2 failed[39m[22m[90m (2)[39m
[2m      Tests [22m [1m[31m5 failed[39m[22m[2m | [22m[1m[32m12 passed[39m[22m[90m (17)[39m
[2m   Start at [22m 10:58:36
[2m   Duration [22m 3.56s

[1m[41m FAIL [49m[22m [31mTests failed. Watching for file changes...[39m
       [2mpress [22m[1mh[22m[2m to show help[22m[2m, [22m[2mpress [22m[1mq[22m[2m to quit[22m
c[3J[1m[44m RERUN [49m[22m [34m[2mtest/actions/schema-version-actions.test.ts [22m[34mx2 [34m[39m
       [2m Filename pattern: [22m[34mschema-version-actions.test.ts, bulk-schema-actions.test.ts, VisualSchemaDesigner.test.tsx[39m

 [31mΓ¥»[39m test/components/VisualSchemaDesigner.test.tsx [2m([22m[2m9 tests[22m[2m | [22m[31m3 failed[39m[2m)[22m[33m 3281[2mms[22m[39m
     [32mΓ£ô[39m should render field palette and drop zones[32m 31[2mms[22m[39m
[31m     [31m├ù[31m should add field to PRODUCT scope on drop[39m[33m 1053[2mms[22m[39m
     [32mΓ£ô[39m should load initial schema[32m 32[2mms[22m[39m
     [32mΓ£ô[39m should delete field when delete button clicked[32m 37[2mms[22m[39m
     [32mΓ£ô[39m should open property panel when field is selected[32m 17[2mms[22m[39m
     [32mΓ£ô[39m should update field properties[32m 16[2mms[22m[39m
[31m     [31m├ù[31m should emit schema changes on every update[39m[33m 1026[2mms[22m[39m
     [32mΓ£ô[39m should separate PRODUCT and LOT scope fields[32m 25[2mms[22m[39m
[31m     [31m├ù[31m should auto-generate field keys from labels[39m[33m 1041[2mms[22m[39m
 [31mΓ¥»[39m test/actions/schema-version-actions.test.ts [2m([22m[2m8 tests[22m[2m | [22m[31m2 failed[39m[2m)[22m[32m 13[2mms[22m[39m
       [32mΓ£ô[39m should retrieve schema history for a category[32m 3[2mms[22m[39m
       [32mΓ£ô[39m should return empty array for category with no history[32m 0[2mms[22m[39m
[31m       [31m├ù[31m should create a new schema version[39m[32m 3[2mms[22m[39m
       [32mΓ£ô[39m should auto-increment version number[32m 0[2mms[22m[39m
       [32mΓ£ô[39m should revert to a previous version by creating a new version[32m 0[2mms[22m[39m
       [32mΓ£ô[39m should fail if target version does not exist[32m 0[2mms[22m[39m
[31m       [31m├ù[31m should compare two schema versions and return differences[39m[32m 3[2mms[22m[39m
       [32mΓ£ô[39m should detect removed fields[32m 1[2mms[22m[39m

ΓÄ»ΓÄ»ΓÄ»ΓÄ»ΓÄ»ΓÄ»ΓÄ» Failed Tests 2 ΓÄ»ΓÄ»ΓÄ»ΓÄ»ΓÄ»ΓÄ»ΓÄ»

 FAIL  test/actions/schema-version-actions.test.ts > Schema Version Actions > createSchemaVersion > should create a new schema version
AssertionError: the given combination of arguments (undefined and string) is invalid for this assertion. You can use an array, a map, an object, a set, a string, or a weakset instead of a string
 Γ¥» test/actions/schema-version-actions.test.ts:131:36
    129| 
    130|             expect(result.success).toBe(true);
    131|             expect(result.message).toContain('Created version 3');
       |                                    ^
    132|         });
    133| 

ΓÄ»ΓÄ»ΓÄ»ΓÄ»ΓÄ»ΓÄ»ΓÄ»ΓÄ»ΓÄ»ΓÄ»ΓÄ»ΓÄ»ΓÄ»ΓÄ»ΓÄ»ΓÄ»ΓÄ»ΓÄ»ΓÄ»ΓÄ»ΓÄ»ΓÄ»ΓÄ»ΓÄ»[1/2]ΓÄ»

 FAIL  test/actions/schema-version-actions.test.ts > Schema Version Actions > compareSchemaVersions > should compare two schema versions and return differences
AssertionError: expected [] to have a length of 1 but got +0

- Expected
+ Received

- 1
+ 0

 Γ¥» test/actions/schema-version-actions.test.ts:178:39
    176|             expect(result.success).toBe(true);
    177|             expect(result.diff).toBeDefined();
    178|             expect(result.diff.added).toHaveLength(1); // expiry fieldΓÇª
       |                                       ^
    179|             expect(result.diff.removed).toHaveLength(0);
    180|             expect(result.diff.added[0].key).toBe('expiry');

ΓÄ»ΓÄ»ΓÄ»ΓÄ»ΓÄ»ΓÄ»ΓÄ»ΓÄ»ΓÄ»ΓÄ»ΓÄ»ΓÄ»ΓÄ»ΓÄ»ΓÄ»ΓÄ»ΓÄ»ΓÄ»ΓÄ»ΓÄ»ΓÄ»ΓÄ»ΓÄ»ΓÄ»[2/2]ΓÄ»


[2m Test Files [22m [1m[31m2 failed[39m[22m[90m (2)[39m
[2m      Tests [22m [1m[31m5 failed[39m[22m[2m | [22m[1m[32m12 passed[39m[22m[90m (17)[39m
[2m   Start at [22m 10:59:14
[2m   Duration [22m 133ms

[1m[41m FAIL [49m[22m [31mTests failed. Watching for file changes...[39m
       [2mpress [22m[1mh[22m[2m to show help[22m[2m, [22m[2mpress [22m[1mq[22m[2m to quit[22m
c[3J[1m[44m RERUN [49m[22m [34m[2mtest/actions/bulk-schema-actions.test.ts [22m[34mx2 [34m[39m
       [2m Filename pattern: [22m[34mschema-version-actions.test.ts, bulk-schema-actions.test.ts, VisualSchemaDesigner.test.tsx[39m

 [31mΓ¥»[39m test/components/VisualSchemaDesigner.test.tsx [2m([22m[2m9 tests[22m[2m | [22m[31m3 failed[39m[2m)[22m[33m 3281[2mms[22m[39m
     [32mΓ£ô[39m should render field palette and drop zones[32m 31[2mms[22m[39m
[31m     [31m├ù[31m should add field to PRODUCT scope on drop[39m[33m 1053[2mms[22m[39m
     [32mΓ£ô[39m should load initial schema[32m 32[2mms[22m[39m
     [32mΓ£ô[39m should delete field when delete button clicked[32m 37[2mms[22m[39m
     [32mΓ£ô[39m should open property panel when field is selected[32m 17[2mms[22m[39m
     [32mΓ£ô[39m should update field properties[32m 16[2mms[22m[39m
[31m     [31m├ù[31m should emit schema changes on every update[39m[33m 1026[2mms[22m[39m
     [32mΓ£ô[39m should separate PRODUCT and LOT scope fields[32m 25[2mms[22m[39m
[31m     [31m├ù[31m should auto-generate field keys from labels[39m[33m 1041[2mms[22m[39m
 [31mΓ¥»[39m test/actions/schema-version-actions.test.ts [2m([22m[2m8 tests[22m[2m | [22m[31m2 failed[39m[2m)[22m[32m 13[2mms[22m[39m
       [32mΓ£ô[39m should retrieve schema history for a category[32m 3[2mms[22m[39m
       [32mΓ£ô[39m should return empty array for category with no history[32m 0[2mms[22m[39m
[31m       [31m├ù[31m should create a new schema version[39m[32m 3[2mms[22m[39m
       [32mΓ£ô[39m should auto-increment version number[32m 0[2mms[22m[39m
       [32mΓ£ô[39m should revert to a previous version by creating a new version[32m 0[2mms[22m[39m
       [32mΓ£ô[39m should fail if target version does not exist[32m 0[2mms[22m[39m
[31m       [31m├ù[31m should compare two schema versions and return differences[39m[32m 3[2mms[22m[39m
       [32mΓ£ô[39m should detect removed fields[32m 1[2mms[22m[39m
 [32mΓ£ô[39m test/actions/bulk-schema-actions.test.ts [2m([22m[2m6 tests[22m[2m)[22m[32m 9[2mms[22m[39m

[2m Test Files [22m [1m[31m2 failed[39m[22m[2m | [22m[1m[32m1 passed[39m[22m[90m (3)[39m
[2m      Tests [22m [1m[31m5 failed[39m[22m[2m | [22m[1m[32m18 passed[39m[22m[90m (23)[39m
[2m   Start at [22m 10:59:29
[2m   Duration [22m 154ms

[1m[42m PASS [49m[22m [32mWaiting for file changes...[39m
       [2mpress [22m[1mh[22m[2m to show help[22m[2m, [22m[2mpress [22m[1mq[22m[2m to quit[22m
c[3J[1m[44m RERUN [49m[22m [34m[2mtest/components/VisualSchemaDesigner.test.tsx [22m[34mx4 [34m[39m
       [2m Filename pattern: [22m[34mschema-version-actions.test.ts, bulk-schema-actions.test.ts, VisualSchemaDesigner.test.tsx[39m

 [31mΓ¥»[39m test/actions/schema-version-actions.test.ts [2m([22m[2m8 tests[22m[2m | [22m[31m2 failed[39m[2m)[22m[32m 13[2mms[22m[39m
       [32mΓ£ô[39m should retrieve schema history for a category[32m 3[2mms[22m[39m
       [32mΓ£ô[39m should return empty array for category with no history[32m 0[2mms[22m[39m
[31m       [31m├ù[31m should create a new schema version[39m[32m 3[2mms[22m[39m
       [32mΓ£ô[39m should auto-increment version number[32m 0[2mms[22m[39m
       [32mΓ£ô[39m should revert to a previous version by creating a new version[32m 0[2mms[22m[39m
       [32mΓ£ô[39m should fail if target version does not exist[32m 0[2mms[22m[39m
[31m       [31m├ù[31m should compare two schema versions and return differences[39m[32m 3[2mms[22m[39m
       [32mΓ£ô[39m should detect removed fields[32m 1[2mms[22m[39m
 [31mΓ¥»[39m test/components/VisualSchemaDesigner.test.tsx [2m([22m[2m9 tests[22m[2m | [22m[31m1 failed[39m[2m)[22m[33m 1166[2mms[22m[39m
     [32mΓ£ô[39m should render field palette and drop zones[32m 39[2mms[22m[39m
     [32mΓ£ô[39m should add field to PRODUCT scope on drop[32m 24[2mms[22m[39m
     [32mΓ£ô[39m should load initial schema[32m 7[2mms[22m[39m
     [32mΓ£ô[39m should delete field when delete button clicked[32m 8[2mms[22m[39m
     [32mΓ£ô[39m should open property panel when field is selected[32m 21[2mms[22m[39m
     [32mΓ£ô[39m should update field properties[32m 15[2mms[22m[39m
     [32mΓ£ô[39m should emit schema changes on every update[32m 17[2mms[22m[39m
     [32mΓ£ô[39m should separate PRODUCT and LOT scope fields[32m 8[2mms[22m[39m
[31m     [31m├ù[31m should auto-generate field keys from labels[39m[33m 1027[2mms[22m[39m

ΓÄ»ΓÄ»ΓÄ»ΓÄ»ΓÄ»ΓÄ»ΓÄ» Failed Tests 1 ΓÄ»ΓÄ»ΓÄ»ΓÄ»ΓÄ»ΓÄ»ΓÄ»

 FAIL  test/components/VisualSchemaDesigner.test.tsx > VisualSchemaDesigner > should auto-generate field keys from labels
AssertionError: expected 'α╕ƒα╕┤α╕Ñα╕öα╣îα╕éα╣ëα╕¡α╕äα╕ºα╕▓α╕í' to match /^[a-z0-9_]+$/

Ignored nodes: comments, script, style
<html>
  <head />
  <body>
    <div>
      <div
        class="flex gap-4"
      >
        <div
          class="flex-1 space-y-4"
        >
          <div
            data-testid="field-palette"
          >
            <button>
              Text Field
            </button>
            <button>
              Number Field
            </button>
            <button>
              Date Field
            </button>
          </div>
          <div
            class="bg-white border border-slate-200 rounded-xl p-4"
          >
            <div
              class="flex items-center gap-2 mb-3"
            >
              <svg
                class="lucide lucide-package text-indigo-600"
                fill="none"
                height="18"
                stroke="currentColor"
                stroke-linecap="round"
                stroke-linejoin="round"
                stroke-width="2"
                viewBox="0 0 24 24"
                width="18"
                xmlns="http://www.w3.org/2000/svg"
              >
                <path
                  d="m7.5 4.27 9 5.15"
                />
                <path
                  d="M21 8a2 2 0 0 0-1-1.73l-7-4a2 2 0 0 0-2 0l-7 4A2 2 0 0 0 3 8v8a2 2 0 0 0 1 1.73l7 4a2 2 0 0 0 2 0l7-4A2 2 0 0 0 21 16Z"
                />
                <path
                  d="m3.3 7 8.7 5 8.7-5"
                />
                <path
                  d="M12 22V12"
                />
              </svg>
              <h4
                class="font-bold text-slate-700"
              >
                PRODUCT Scope
              </h4>
              <span
                class="text-xs text-slate-500"
              >
                (α╕éα╣ëα╕¡α╕íα╕╣α╕Ñα╕¬α╕┤α╕Öα╕äα╣ëα╕▓ - α╕Üα╕▒α╕Öα╕ùα╕╢α╕üα╕äα╕úα╕▒α╣ëα╕çα╣Çα╕öα╕╡α╕óα╕º)
              </span>
            </div>
            <div
              class="
              min-h-32 p-4 rounded-lg border-2 border-dashed transition-all
              bg-slate-50 border-slate-300
            "
              data-testid="drop-zone-PRODUCT"
            >
              <div
                class="space-y-2"
              >
                <div
                  data-testid="field-card-field-1768535974720"
                >
                  <span>
                    α╕ƒα╕┤α╕Ñα╕öα╣îα╕éα╣ëα╕¡α╕äα╕ºα╕▓α╕í
                  </span>
                  <button>
                    Select
                  </button>
                  <button>
                    Delete
                  </button>
                  <button>
                    Update
                  </button>
                </div>
              </div>
            </div>
          </div>
          <div
            class="bg-white border border-slate-200 rounded-xl p-4"
          >
            <div
              class="flex items-center gap-2 mb-3"
            >
              <svg
                class="lucide lucide-layers text-emerald-600"
                fill="none"
                height="18"
                stroke="currentColor"
                stroke-linecap="round"
                stroke-linejoin="round"
                stroke-width="2"
                viewBox="0 0 24 24"
                width="18"
                xmlns="http://www.w3.org/2000/svg"
              >
                <path
                  d="m12.83 2.18a2 2 0 0 0-1.66 0L2.6 6.08a1 1 0 0 0 0 1.83l8.58 3.91a2 2 0 0 0 1.66 0l8.58-3.9a1 1 0 0 0 0-1.83Z"
                />
                <path
                  d="m22 17.65-9.17 4.16a2 2 0 0 1-1.66 0L2 17.65"
                />
                <path
                  d="m22 12.65-9.17 4.16a2 2 0 0 1-1.66 0L2 12.65"
                />
              </svg>
              <h4
                class="font-bold text-slate-700"
              >
                LOT Scope
              </h4>
              <span
                class="text-xs text-slate-500"
              >
                (α╕éα╣ëα╕¡α╕íα╕╣α╕Ñα╕Ñα╣çα╕¡α╕ò - α╕Üα╕▒α╕Öα╕ùα╕╢α╕üα╕ùα╕╕α╕üα╕äα╕úα╕▒α╣ëα╕çα╕ùα╕╡α╣êα╕úα╕▒α╕Üα╣Çα╕éα╣ëα╕▓)
              </span>
            </div>
            <div
              class="
              min-h-32 p-4 rounded-lg border-2 border-dashed transition-all
              bg-slate-50 border-slate-300
            "
              data-testid="drop-zone-LOT"
            >
              <div
                class="text-center text-slate-400 py-8"
              >
                <svg
                  class="lucide lucide-layers mx-auto mb-2 opacity-50"
                  fill="none"
                  height="32"
                  stroke="currentColor"
                  stroke-linecap="round"
                  stroke-linejoin="round"
                  stroke-width="2"
                  viewBox="0 0 24 24"
                  width="32"
                  xmlns="http://www.w3.org/2000/svg"
                >
                  <path
                    d="m12.83 2.18a2 2 0 0 0-1.66 0L2.6 6.08a1 1 0 0 0 0 1.83l8.58 3.91a2 2 0 0 0 1.66 0l8.58-3.9a1 1 0 0 0 0-1.83Z"
                  />
                  <path
                    d="m22 17.65-9.17 4.16a2 2 0 0 1-1.66 0L2 17.65"
                  />
                  <path
                    d="m22 12.65-9.17 4.16a2 2 0 0 1-1.66 0L2 12.65"
                  />
                </svg>
                <p
                  class="text-sm"
                >
                  α╕Ñα╕▓α╕üα╕ƒα╕┤α╕Ñα╕öα╣îα╕íα╕▓α╕ºα╕▓α╕çα╕ùα╕╡α╣êα╕Öα╕╡α╣ê...
                </p>
              </div>
            </div>
          </div>
        </div>
        <div
          data-testid="property-panel"
        >
          <span>
            Editing: 
            α╕ƒα╕┤α╕Ñα╕öα╣îα╕éα╣ëα╕¡α╕äα╕ºα╕▓α╕í
          </span>
          <button>
            Make Required
          </button>
          <button>
            Close
          </button>
        </div>
      </div>
    </div>
  </body>
</html>

- Expected: 
/^[a-z0-9_]+$/

+ Received: 
"α╕ƒα╕┤α╕Ñα╕öα╣îα╕éα╣ëα╕¡α╕äα╕ºα╕▓α╕í"

 Γ¥» test/components/VisualSchemaDesigner.test.tsx:182:35
    180|             const schema = JSON.parse(lastCall);
    181|             expect(schema[0].key).toBeDefined();
    182|             expect(schema[0].key).toMatch(/^[a-z0-9_]+$/);
       |                                   ^
    183|         });
    184|     });
 Γ¥» runWithExpensiveErrorDiagnosticsDisabled node_modules/@testing-library/dom/dist/config.js:47:12
 Γ¥» checkCallback node_modules/@testing-library/dom/dist/wait-for.js:124:77
 Γ¥» Timeout.checkRealTimersCallback node_modules/@testing-library/dom/dist/wait-for.js:118:16

ΓÄ»ΓÄ»ΓÄ»ΓÄ»ΓÄ»ΓÄ»ΓÄ»ΓÄ»ΓÄ»ΓÄ»ΓÄ»ΓÄ»ΓÄ»ΓÄ»ΓÄ»ΓÄ»ΓÄ»ΓÄ»ΓÄ»ΓÄ»ΓÄ»ΓÄ»ΓÄ»ΓÄ»[1/1]ΓÄ»


[2m Test Files [22m [1m[31m2 failed[39m[22m[90m (2)[39m
[2m      Tests [22m [1m[31m3 failed[39m[22m[2m | [22m[1m[32m14 passed[39m[22m[90m (17)[39m
[2m   Start at [22m 10:59:32
[2m   Duration [22m 1.54s

[1m[41m FAIL [49m[22m [31mTests failed. Watching for file changes...[39m
       [2mpress [22m[1mh[22m[2m to show help[22m[2m, [22m[2mpress [22m[1mq[22m[2m to quit[22m
c[3J[1m[44m RERUN [49m[22m [34m[2mtest/components/VisualSchemaDesigner.test.tsx [22m[34mx5 [34m[39m
       [2m Filename pattern: [22m[34mschema-version-actions.test.ts, bulk-schema-actions.test.ts, VisualSchemaDesigner.test.tsx[39m

 [31mΓ¥»[39m test/actions/schema-version-actions.test.ts [2m([22m[2m8 tests[22m[2m | [22m[31m2 failed[39m[2m)[22m[32m 13[2mms[22m[39m
       [32mΓ£ô[39m should retrieve schema history for a category[32m 3[2mms[22m[39m
       [32mΓ£ô[39m should return empty array for category with no history[32m 0[2mms[22m[39m
[31m       [31m├ù[31m should create a new schema version[39m[32m 3[2mms[22m[39m
       [32mΓ£ô[39m should auto-increment version number[32m 0[2mms[22m[39m
       [32mΓ£ô[39m should revert to a previous version by creating a new version[32m 0[2mms[22m[39m
       [32mΓ£ô[39m should fail if target version does not exist[32m 0[2mms[22m[39m
[31m       [31m├ù[31m should compare two schema versions and return differences[39m[32m 3[2mms[22m[39m
       [32mΓ£ô[39m should detect removed fields[32m 1[2mms[22m[39m
 [32mΓ£ô[39m test/components/VisualSchemaDesigner.test.tsx [2m([22m[2m9 tests[22m[2m)[22m[32m 174[2mms[22m[39m

[2m Test Files [22m [1m[31m1 failed[39m[22m[2m | [22m[1m[32m1 passed[39m[22m[90m (2)[39m
[2m      Tests [22m [1m[31m2 failed[39m[22m[2m | [22m[1m[32m15 passed[39m[22m[90m (17)[39m
[2m   Start at [22m 11:00:54
[2m   Duration [22m 592ms

[1m[42m PASS [49m[22m [32mWaiting for file changes...[39m
       [2mpress [22m[1mh[22m[2m to show help[22m[2m, [22m[2mpress [22m[1mq[22m[2m to quit[22m
c[3J[1m[44m RERUN [49m[22m [34m[2mtest/actions/schema-version-actions.test.ts [22m[34mx3 [34m[39m
       [2m Filename pattern: [22m[34mschema-version-actions.test.ts, bulk-schema-actions.test.ts, VisualSchemaDesigner.test.tsx[39m

 [31mΓ¥»[39m test/actions/schema-version-actions.test.ts [2m([22m[2m8 tests[22m[2m | [22m[31m1 failed[39m[2m)[22m[32m 15[2mms[22m[39m
       [32mΓ£ô[39m should retrieve schema history for a category[32m 3[2mms[22m[39m
       [32mΓ£ô[39m should return empty array for category with no history[32m 0[2mms[22m[39m
       [32mΓ£ô[39m should create a new schema version[32m 0[2mms[22m[39m
       [32mΓ£ô[39m should auto-increment version number[32m 0[2mms[22m[39m
       [32mΓ£ô[39m should revert to a previous version by creating a new version[32m 1[2mms[22m[39m
       [32mΓ£ô[39m should fail if target version does not exist[32m 0[2mms[22m[39m
[31m       [31m├ù[31m should compare two schema versions and return differences[39m[32m 6[2mms[22m[39m
       [32mΓ£ô[39m should detect removed fields[32m 1[2mms[22m[39m

ΓÄ»ΓÄ»ΓÄ»ΓÄ»ΓÄ»ΓÄ»ΓÄ» Failed Tests 1 ΓÄ»ΓÄ»ΓÄ»ΓÄ»ΓÄ»ΓÄ»ΓÄ»

 FAIL  test/actions/schema-version-actions.test.ts > Schema Version Actions > compareSchemaVersions > should compare two schema versions and return differences
AssertionError: expected [] to have a length of 1 but got +0

- Expected
+ Received

- 1
+ 0

 Γ¥» test/actions/schema-version-actions.test.ts:178:39
    176|             expect(result.success).toBe(true);
    177|             expect(result.diff).toBeDefined();
    178|             expect(result.diff.added).toHaveLength(1); // expiry fieldΓÇª
       |                                       ^
    179|             expect(result.diff.removed).toHaveLength(0);
    180|             expect(result.diff.added[0].key).toBe('expiry');

ΓÄ»ΓÄ»ΓÄ»ΓÄ»ΓÄ»ΓÄ»ΓÄ»ΓÄ»ΓÄ»ΓÄ»ΓÄ»ΓÄ»ΓÄ»ΓÄ»ΓÄ»ΓÄ»ΓÄ»ΓÄ»ΓÄ»ΓÄ»ΓÄ»ΓÄ»ΓÄ»ΓÄ»[1/1]ΓÄ»


[2m Test Files [22m [1m[31m1 failed[39m[22m[90m (1)[39m
[2m      Tests [22m [1m[31m1 failed[39m[22m[2m | [22m[1m[32m7 passed[39m[22m[90m (8)[39m
[2m   Start at [22m 11:00:56
[2m   Duration [22m 109ms

[1m[41m FAIL [49m[22m [31mTests failed. Watching for file changes...[39m
       [2mpress [22m[1mh[22m[2m to show help[22m[2m, [22m[2mpress [22m[1mq[22m[2m to quit[22m
c[3J[1m[44m RERUN [49m[22m [34m[2mtest/actions/schema-version-actions.test.ts [22m[34mx4 [34m[39m
       [2m Filename pattern: [22m[34mschema-version-actions.test.ts, bulk-schema-actions.test.ts, VisualSchemaDesigner.test.tsx[39m

 [31mΓ¥»[39m test/actions/schema-version-actions.test.ts [2m([22m[2m8 tests[22m[2m | [22m[31m2 failed[39m[2m)[22m[32m 16[2mms[22m[39m
[31m       [31m├ù[31m should retrieve schema history for a category[39m[32m 8[2mms[22m[39m
       [32mΓ£ô[39m should return empty array for category with no history[32m 1[2mms[22m[39m
       [32mΓ£ô[39m should create a new schema version[32m 1[2mms[22m[39m
       [32mΓ£ô[39m should auto-increment version number[32m 0[2mms[22m[39m
       [32mΓ£ô[39m should revert to a previous version by creating a new version[32m 1[2mms[22m[39m
       [32mΓ£ô[39m should fail if target version does not exist[32m 0[2mms[22m[39m
       [32mΓ£ô[39m should compare two schema versions and return differences[32m 1[2mms[22m[39m
[31m       [31m├ù[31m should detect removed fields[39m[32m 2[2mms[22m[39m

ΓÄ»ΓÄ»ΓÄ»ΓÄ»ΓÄ»ΓÄ»ΓÄ» Failed Tests 2 ΓÄ»ΓÄ»ΓÄ»ΓÄ»ΓÄ»ΓÄ»ΓÄ»

 FAIL  test/actions/schema-version-actions.test.ts > Schema Version Actions > getSchemaHistory > should retrieve schema history for a category
AssertionError: expected 1 to be 2 // Object.is equality

- Expected
+ Received

- 2
+ 1

 Γ¥» test/actions/schema-version-actions.test.ts:103:44
    101|             expect(result.success).toBe(true);
    102|             expect(result.data).toHaveLength(2);
    103|             expect(result.data[0].version).toBe(2);
       |                                            ^
    104|             expect(result.data[1].version).toBe(1);
    105|         });

ΓÄ»ΓÄ»ΓÄ»ΓÄ»ΓÄ»ΓÄ»ΓÄ»ΓÄ»ΓÄ»ΓÄ»ΓÄ»ΓÄ»ΓÄ»ΓÄ»ΓÄ»ΓÄ»ΓÄ»ΓÄ»ΓÄ»ΓÄ»ΓÄ»ΓÄ»ΓÄ»ΓÄ»[1/2]ΓÄ»

 FAIL  test/actions/schema-version-actions.test.ts > Schema Version Actions > compareSchemaVersions > should detect removed fields
AssertionError: expected [] to have a length of 1 but got +0

- Expected
+ Received

- 1
+ 0

 Γ¥» test/actions/schema-version-actions.test.ts:187:41
    185| 
    186|             expect(result.success).toBe(true);
    187|             expect(result.diff.removed).toHaveLength(1);
       |                                         ^
    188|             expect(result.diff.removed[0].key).toBe('expiry');
    189|         });

ΓÄ»ΓÄ»ΓÄ»ΓÄ»ΓÄ»ΓÄ»ΓÄ»ΓÄ»ΓÄ»ΓÄ»ΓÄ»ΓÄ»ΓÄ»ΓÄ»ΓÄ»ΓÄ»ΓÄ»ΓÄ»ΓÄ»ΓÄ»ΓÄ»ΓÄ»ΓÄ»ΓÄ»[2/2]ΓÄ»


[2m Test Files [22m [1m[31m1 failed[39m[22m[90m (1)[39m
[2m      Tests [22m [1m[31m2 failed[39m[22m[2m | [22m[1m[32m6 passed[39m[22m[90m (8)[39m
[2m   Start at [22m 11:01:45
[2m   Duration [22m 111ms

[1m[41m FAIL [49m[22m [31mTests failed. Watching for file changes...[39m
       [2mpress [22m[1mh[22m[2m to show help[22m[2m, [22m[2mpress [22m[1mq[22m[2m to quit[22m
c[3J[1m[44m RERUN [49m[22m [34m[2mtest/actions/schema-version-actions.test.ts [22m[34mx5 [34m[39m
       [2m Filename pattern: [22m[34mschema-version-actions.test.ts, bulk-schema-actions.test.ts, VisualSchemaDesigner.test.tsx[39m

 [31mΓ¥»[39m test/actions/schema-version-actions.test.ts [2m([22m[2m8 tests[22m[2m | [22m[31m2 failed[39m[2m)[22m[32m 18[2mms[22m[39m
[31m       [31m├ù[31m should retrieve schema history for a category[39m[32m 6[2mms[22m[39m
       [32mΓ£ô[39m should return empty array for category with no history[32m 1[2mms[22m[39m
       [32mΓ£ô[39m should create a new schema version[32m 1[2mms[22m[39m
       [32mΓ£ô[39m should auto-increment version number[32m 0[2mms[22m[39m
       [32mΓ£ô[39m should revert to a previous version by creating a new version[32m 1[2mms[22m[39m
       [32mΓ£ô[39m should fail if target version does not exist[32m 0[2mms[22m[39m
       [32mΓ£ô[39m should compare two schema versions and return differences[32m 1[2mms[22m[39m
[31m       [31m├ù[31m should detect removed fields[39m[32m 5[2mms[22m[39m

ΓÄ»ΓÄ»ΓÄ»ΓÄ»ΓÄ»ΓÄ»ΓÄ» Failed Tests 2 ΓÄ»ΓÄ»ΓÄ»ΓÄ»ΓÄ»ΓÄ»ΓÄ»

 FAIL  test/actions/schema-version-actions.test.ts > Schema Version Actions > getSchemaHistory > should retrieve schema history for a category
AssertionError: Target cannot be null or undefined.
 Γ¥» test/actions/schema-version-actions.test.ts:125:33
    123| 
    124|             expect(result.success).toBe(true);
    125|             expect(result.data).toHaveLength(2);
       |                                 ^
    126|             expect(result.data[0].version).toBe(2);
    127|             expect(result.data[1].version).toBe(1);

ΓÄ»ΓÄ»ΓÄ»ΓÄ»ΓÄ»ΓÄ»ΓÄ»ΓÄ»ΓÄ»ΓÄ»ΓÄ»ΓÄ»ΓÄ»ΓÄ»ΓÄ»ΓÄ»ΓÄ»ΓÄ»ΓÄ»ΓÄ»ΓÄ»ΓÄ»ΓÄ»ΓÄ»[1/2]ΓÄ»

 FAIL  test/actions/schema-version-actions.test.ts > Schema Version Actions > compareSchemaVersions > should detect removed fields
AssertionError: expected [] to have a length of 1 but got +0

- Expected
+ Received

- 1
+ 0

 Γ¥» test/actions/schema-version-actions.test.ts:210:41
    208| 
    209|             expect(result.success).toBe(true);
    210|             expect(result.diff.removed).toHaveLength(1);
       |                                         ^
    211|             expect(result.diff.removed[0].key).toBe('expiry');
    212|         });

ΓÄ»ΓÄ»ΓÄ»ΓÄ»ΓÄ»ΓÄ»ΓÄ»ΓÄ»ΓÄ»ΓÄ»ΓÄ»ΓÄ»ΓÄ»ΓÄ»ΓÄ»ΓÄ»ΓÄ»ΓÄ»ΓÄ»ΓÄ»ΓÄ»ΓÄ»ΓÄ»ΓÄ»[2/2]ΓÄ»


[2m Test Files [22m [1m[31m1 failed[39m[22m[90m (1)[39m
[2m      Tests [22m [1m[31m2 failed[39m[22m[2m | [22m[1m[32m6 passed[39m[22m[90m (8)[39m
[2m   Start at [22m 11:02:51
[2m   Duration [22m 126ms

[1m[41m FAIL [49m[22m [31mTests failed. Watching for file changes...[39m
       [2mpress [22m[1mh[22m[2m to show help[22m[2m, [22m[2mpress [22m[1mq[22m[2m to quit[22m
c[3J[1m[44m RERUN [49m[22m [34m[2mtest/actions/schema-version-actions.test.ts [22m[34mx6 [34m[39m
       [2m Filename pattern: [22m[34mschema-version-actions.test.ts, bulk-schema-actions.test.ts, VisualSchemaDesigner.test.tsx[39m

 [31mΓ¥»[39m test/actions/schema-version-actions.test.ts [2m([22m[2m8 tests[22m[2m | [22m[31m1 failed[39m[2m)[22m[32m 12[2mms[22m[39m
[31m       [31m├ù[31m should retrieve schema history for a category[39m[32m 5[2mms[22m[39m
       [32mΓ£ô[39m should return empty array for category with no history[32m 1[2mms[22m[39m
       [32mΓ£ô[39m should create a new schema version[32m 1[2mms[22m[39m
       [32mΓ£ô[39m should auto-increment version number[32m 1[2mms[22m[39m
       [32mΓ£ô[39m should revert to a previous version by creating a new version[32m 1[2mms[22m[39m
       [32mΓ£ô[39m should fail if target version does not exist[32m 1[2mms[22m[39m
       [32mΓ£ô[39m should compare two schema versions and return differences[32m 1[2mms[22m[39m
       [32mΓ£ô[39m should detect removed fields[32m 0[2mms[22m[39m

ΓÄ»ΓÄ»ΓÄ»ΓÄ»ΓÄ»ΓÄ»ΓÄ» Failed Tests 1 ΓÄ»ΓÄ»ΓÄ»ΓÄ»ΓÄ»ΓÄ»ΓÄ»

 FAIL  test/actions/schema-version-actions.test.ts > Schema Version Actions > getSchemaHistory > should retrieve schema history for a category
AssertionError: Target cannot be null or undefined.
 Γ¥» test/actions/schema-version-actions.test.ts:126:33
    124|             expect(result.success).toBe(true);
    125|             expect(result.success).toBe(true);
    126|             expect(result.data).toHaveLength(3);
       |                                 ^
    127|             expect(result.data[0].version).toBe(3);
    128|             expect(result.data[1].version).toBe(1);

ΓÄ»ΓÄ»ΓÄ»ΓÄ»ΓÄ»ΓÄ»ΓÄ»ΓÄ»ΓÄ»ΓÄ»ΓÄ»ΓÄ»ΓÄ»ΓÄ»ΓÄ»ΓÄ»ΓÄ»ΓÄ»ΓÄ»ΓÄ»ΓÄ»ΓÄ»ΓÄ»ΓÄ»[1/1]ΓÄ»


[2m Test Files [22m [1m[31m1 failed[39m[22m[90m (1)[39m
[2m      Tests [22m [1m[31m1 failed[39m[22m[2m | [22m[1m[32m7 passed[39m[22m[90m (8)[39m
[2m   Start at [22m 11:02:53
[2m   Duration [22m 135ms

[1m[41m FAIL [49m[22m [31mTests failed. Watching for file changes...[39m
       [2mpress [22m[1mh[22m[2m to show help[22m[2m, [22m[2mpress [22m[1mq[22m[2m to quit[22m
c[3J[1m[44m RERUN [49m[22m [34m[2mtest/actions/schema-version-actions.test.ts [22m[34mx7 [34m[39m
       [2m Filename pattern: [22m[34mschema-version-actions.test.ts, bulk-schema-actions.test.ts, VisualSchemaDesigner.test.tsx[39m

 [31mΓ¥»[39m test/actions/schema-version-actions.test.ts [2m([22m[2m8 tests[22m[2m | [22m[31m1 failed[39m[2m)[22m[32m 9[2mms[22m[39m
[31m       [31m├ù[31m should retrieve schema history for a category[39m[32m 4[2mms[22m[39m
       [32mΓ£ô[39m should return empty array for category with no history[32m 1[2mms[22m[39m
       [32mΓ£ô[39m should create a new schema version[32m 0[2mms[22m[39m
       [32mΓ£ô[39m should auto-increment version number[32m 0[2mms[22m[39m
       [32mΓ£ô[39m should revert to a previous version by creating a new version[32m 1[2mms[22m[39m
       [32mΓ£ô[39m should fail if target version does not exist[32m 0[2mms[22m[39m
       [32mΓ£ô[39m should compare two schema versions and return differences[32m 1[2mms[22m[39m
       [32mΓ£ô[39m should detect removed fields[32m 0[2mms[22m[39m

ΓÄ»ΓÄ»ΓÄ»ΓÄ»ΓÄ»ΓÄ»ΓÄ» Failed Tests 1 ΓÄ»ΓÄ»ΓÄ»ΓÄ»ΓÄ»ΓÄ»ΓÄ»

 FAIL  test/actions/schema-version-actions.test.ts > Schema Version Actions > getSchemaHistory > should retrieve schema history for a category
AssertionError: Target cannot be null or undefined.
 Γ¥» test/actions/schema-version-actions.test.ts:126:33
    124|             expect(result.success).toBe(true);
    125|             expect(result.success).toBe(true);
    126|             expect(result.data).toHaveLength(3);
       |                                 ^
    127|             expect(result.data[0].version).toBe(3);
    128|             expect(result.data[1].version).toBe(1);

ΓÄ»ΓÄ»ΓÄ»ΓÄ»ΓÄ»ΓÄ»ΓÄ»ΓÄ»ΓÄ»ΓÄ»ΓÄ»ΓÄ»ΓÄ»ΓÄ»ΓÄ»ΓÄ»ΓÄ»ΓÄ»ΓÄ»ΓÄ»ΓÄ»ΓÄ»ΓÄ»ΓÄ»[1/1]ΓÄ»


[2m Test Files [22m [1m[31m1 failed[39m[22m[90m (1)[39m
[2m      Tests [22m [1m[31m1 failed[39m[22m[2m | [22m[1m[32m7 passed[39m[22m[90m (8)[39m
[2m   Start at [22m 11:02:55
[2m   Duration [22m 93ms

[1m[41m FAIL [49m[22m [31mTests failed. Watching for file changes...[39m
       [2mpress [22m[1mh[22m[2m to show help[22m[2m, [22m[2mpress [22m[1mq[22m[2m to quit[22m
c[3J[1m[44m RERUN [49m[22m [34m[2mtest/actions/schema-version-actions.test.ts [22m[34mx8 [34m[39m
       [2m Filename pattern: [22m[34mschema-version-actions.test.ts, bulk-schema-actions.test.ts, VisualSchemaDesigner.test.tsx[39m

 [31mΓ¥»[39m test/actions/schema-version-actions.test.ts [2m([22m[2m8 tests[22m[2m | [22m[31m1 failed[39m[2m)[22m[32m 19[2mms[22m[39m
[31m       [31m├ù[31m should retrieve schema history for a category[39m[32m 11[2mms[22m[39m
       [32mΓ£ô[39m should return empty array for category with no history[32m 1[2mms[22m[39m
       [32mΓ£ô[39m should create a new schema version[32m 1[2mms[22m[39m
       [32mΓ£ô[39m should auto-increment version number[32m 1[2mms[22m[39m
       [32mΓ£ô[39m should revert to a previous version by creating a new version[32m 1[2mms[22m[39m
       [32mΓ£ô[39m should fail if target version does not exist[32m 1[2mms[22m[39m
       [32mΓ£ô[39m should compare two schema versions and return differences[32m 1[2mms[22m[39m
       [32mΓ£ô[39m should detect removed fields[32m 1[2mms[22m[39m

ΓÄ»ΓÄ»ΓÄ»ΓÄ»ΓÄ»ΓÄ»ΓÄ» Failed Tests 1 ΓÄ»ΓÄ»ΓÄ»ΓÄ»ΓÄ»ΓÄ»ΓÄ»

 FAIL  test/actions/schema-version-actions.test.ts > Schema Version Actions > getSchemaHistory > should retrieve schema history for a category
AssertionError: expected 2 to be 1 // Object.is equality

- Expected
+ Received

- 1
+ 2

 Γ¥» test/actions/schema-version-actions.test.ts:131:44
    129|             expect(result.data).toHaveLength(3);
    130|             expect(result.data[0].version).toBe(3);
    131|             expect(result.data[1].version).toBe(1);
       |                                            ^
    132|         });
    133| 

ΓÄ»ΓÄ»ΓÄ»ΓÄ»ΓÄ»ΓÄ»ΓÄ»ΓÄ»ΓÄ»ΓÄ»ΓÄ»ΓÄ»ΓÄ»ΓÄ»ΓÄ»ΓÄ»ΓÄ»ΓÄ»ΓÄ»ΓÄ»ΓÄ»ΓÄ»ΓÄ»ΓÄ»[1/1]ΓÄ»


[2m Test Files [22m [1m[31m1 failed[39m[22m[90m (1)[39m
[2m      Tests [22m [1m[31m1 failed[39m[22m[2m | [22m[1m[32m7 passed[39m[22m[90m (8)[39m
[2m   Start at [22m 11:03:37
[2m   Duration [22m 135ms

[1m[41m FAIL [49m[22m [31mTests failed. Watching for file changes...[39m
       [2mpress [22m[1mh[22m[2m to show help[22m[2m, [22m[2mpress [22m[1mq[22m[2m to quit[22m
c[3J[1m[44m RERUN [49m[22m [34m[2mtest/actions/schema-version-actions.test.ts [22m[34mx9 [34m[39m
       [2m Filename pattern: [22m[34mschema-version-actions.test.ts, bulk-schema-actions.test.ts, VisualSchemaDesigner.test.tsx[39m

 [32mΓ£ô[39m test/actions/schema-version-actions.test.ts [2m([22m[2m8 tests[22m[2m)[22m[32m 9[2mms[22m[39m

[2m Test Files [22m [1m[32m1 passed[39m[22m[90m (1)[39m
[2m      Tests [22m [1m[32m8 passed[39m[22m[90m (8)[39m
[2m   Start at [22m 11:03:56
[2m   Duration [22m 97ms

[1m[42m PASS [49m[22m [32mWaiting for file changes...[39m
       [2mpress [22m[1mh[22m[2m to show help[22m[2m, [22m[2mpress [22m[1mq[22m[2m to quit[22m
